[0.007s] Invoking command in '/home/trickfire/gazebo-simulations/Robot-sim-template/build/ros_gz_example_bringup': AMENT_PREFIX_PATH=/home/trickfire/gazebo-simulations/Robot-sim-template/install/ros_gz_example_gazebo:/home/trickfire/gazebo-simulations/Robot-sim-template/install/ros_gz_example_description:${AMENT_PREFIX_PATH} CMAKE_PREFIX_PATH=/home/trickfire/gazebo-simulations/Robot-sim-template/install/ros_gz_example_gazebo:/home/trickfire/gazebo-simulations/Robot-sim-template/install/ros_gz_example_description:/opt/ros/humble GZ_SIM_PLUGIN_PATH=/home/trickfire/gazebo-simulations/Robot-sim-template/install/ros_gz_example_gazebo/lib/ros_gz_example_gazebo GZ_SIM_RESOURCE_PATH=/home/trickfire/gazebo-simulations/Robot-sim-template/install/ros_gz_example_gazebo/share/ros_gz_example_gazebo/worlds:/home/trickfire/gazebo-simulations/Robot-sim-template/install/ros_gz_example_description/share/ros_gz_example_description/models /usr/bin/cmake /home/trickfire/gazebo-simulations/Robot-sim-template/ros_gz_example_bringup -DBUILD_TESTING=ON -DCMAKE_INSTALL_PREFIX=/home/trickfire/gazebo-simulations/Robot-sim-template/install/ros_gz_example_bringup
[0.034s] -- The C compiler identification is GNU 11.4.0
[0.060s] -- The CXX compiler identification is GNU 11.4.0
[0.063s] -- Detecting C compiler ABI info
[0.107s] -- Detecting C compiler ABI info - done
[0.111s] -- Check for working C compiler: /usr/bin/cc - skipped
[0.111s] -- Detecting C compile features
[0.112s] -- Detecting C compile features - done
[0.115s] -- Detecting CXX compiler ABI info
[0.163s] -- Detecting CXX compiler ABI info - done
[0.168s] -- Check for working CXX compiler: /usr/bin/c++ - skipped
[0.168s] -- Detecting CXX compile features
[0.168s] -- Detecting CXX compile features - done
[0.173s] -- Found ament_cmake: 1.3.12 (/opt/ros/humble/share/ament_cmake/cmake)
[0.224s] -- Found Python3: /usr/bin/python3 (found version "3.10.12") found components: Interpreter 
[0.284s] -- Found ros_gz_example_description: 0.0.0 (/home/trickfire/gazebo-simulations/Robot-sim-template/install/ros_gz_example_description/share/ros_gz_example_description/cmake)
[0.285s] -- Found ros_gz_example_gazebo: 0.0.0 (/home/trickfire/gazebo-simulations/Robot-sim-template/install/ros_gz_example_gazebo/share/ros_gz_example_gazebo/cmake)
[0.287s] -- Found ament_lint_auto: 0.12.14 (/opt/ros/humble/share/ament_lint_auto/cmake)
[0.325s] -- Configuring done
[0.336s] -- Generating done
[0.342s] -- Build files have been written to: /home/trickfire/gazebo-simulations/Robot-sim-template/build/ros_gz_example_bringup
[0.344s] Invoked command in '/home/trickfire/gazebo-simulations/Robot-sim-template/build/ros_gz_example_bringup' returned '0': AMENT_PREFIX_PATH=/home/trickfire/gazebo-simulations/Robot-sim-template/install/ros_gz_example_gazebo:/home/trickfire/gazebo-simulations/Robot-sim-template/install/ros_gz_example_description:${AMENT_PREFIX_PATH} CMAKE_PREFIX_PATH=/home/trickfire/gazebo-simulations/Robot-sim-template/install/ros_gz_example_gazebo:/home/trickfire/gazebo-simulations/Robot-sim-template/install/ros_gz_example_description:/opt/ros/humble GZ_SIM_PLUGIN_PATH=/home/trickfire/gazebo-simulations/Robot-sim-template/install/ros_gz_example_gazebo/lib/ros_gz_example_gazebo GZ_SIM_RESOURCE_PATH=/home/trickfire/gazebo-simulations/Robot-sim-template/install/ros_gz_example_gazebo/share/ros_gz_example_gazebo/worlds:/home/trickfire/gazebo-simulations/Robot-sim-template/install/ros_gz_example_description/share/ros_gz_example_description/models /usr/bin/cmake /home/trickfire/gazebo-simulations/Robot-sim-template/ros_gz_example_bringup -DBUILD_TESTING=ON -DCMAKE_INSTALL_PREFIX=/home/trickfire/gazebo-simulations/Robot-sim-template/install/ros_gz_example_bringup
[0.345s] Invoking command in '/home/trickfire/gazebo-simulations/Robot-sim-template/build/ros_gz_example_bringup': AMENT_PREFIX_PATH=/home/trickfire/gazebo-simulations/Robot-sim-template/install/ros_gz_example_gazebo:/home/trickfire/gazebo-simulations/Robot-sim-template/install/ros_gz_example_description:${AMENT_PREFIX_PATH} CMAKE_PREFIX_PATH=/home/trickfire/gazebo-simulations/Robot-sim-template/install/ros_gz_example_gazebo:/home/trickfire/gazebo-simulations/Robot-sim-template/install/ros_gz_example_description:/opt/ros/humble GZ_SIM_PLUGIN_PATH=/home/trickfire/gazebo-simulations/Robot-sim-template/install/ros_gz_example_gazebo/lib/ros_gz_example_gazebo GZ_SIM_RESOURCE_PATH=/home/trickfire/gazebo-simulations/Robot-sim-template/install/ros_gz_example_gazebo/share/ros_gz_example_gazebo/worlds:/home/trickfire/gazebo-simulations/Robot-sim-template/install/ros_gz_example_description/share/ros_gz_example_description/models /usr/bin/cmake --build /home/trickfire/gazebo-simulations/Robot-sim-template/build/ros_gz_example_bringup -- -j10 -l10
[0.358s] Invoked command in '/home/trickfire/gazebo-simulations/Robot-sim-template/build/ros_gz_example_bringup' returned '0': AMENT_PREFIX_PATH=/home/trickfire/gazebo-simulations/Robot-sim-template/install/ros_gz_example_gazebo:/home/trickfire/gazebo-simulations/Robot-sim-template/install/ros_gz_example_description:${AMENT_PREFIX_PATH} CMAKE_PREFIX_PATH=/home/trickfire/gazebo-simulations/Robot-sim-template/install/ros_gz_example_gazebo:/home/trickfire/gazebo-simulations/Robot-sim-template/install/ros_gz_example_description:/opt/ros/humble GZ_SIM_PLUGIN_PATH=/home/trickfire/gazebo-simulations/Robot-sim-template/install/ros_gz_example_gazebo/lib/ros_gz_example_gazebo GZ_SIM_RESOURCE_PATH=/home/trickfire/gazebo-simulations/Robot-sim-template/install/ros_gz_example_gazebo/share/ros_gz_example_gazebo/worlds:/home/trickfire/gazebo-simulations/Robot-sim-template/install/ros_gz_example_description/share/ros_gz_example_description/models /usr/bin/cmake --build /home/trickfire/gazebo-simulations/Robot-sim-template/build/ros_gz_example_bringup -- -j10 -l10
[0.359s] Invoking command in '/home/trickfire/gazebo-simulations/Robot-sim-template/build/ros_gz_example_bringup': AMENT_PREFIX_PATH=/home/trickfire/gazebo-simulations/Robot-sim-template/install/ros_gz_example_gazebo:/home/trickfire/gazebo-simulations/Robot-sim-template/install/ros_gz_example_description:${AMENT_PREFIX_PATH} CMAKE_PREFIX_PATH=/home/trickfire/gazebo-simulations/Robot-sim-template/install/ros_gz_example_gazebo:/home/trickfire/gazebo-simulations/Robot-sim-template/install/ros_gz_example_description:/opt/ros/humble GZ_SIM_PLUGIN_PATH=/home/trickfire/gazebo-simulations/Robot-sim-template/install/ros_gz_example_gazebo/lib/ros_gz_example_gazebo GZ_SIM_RESOURCE_PATH=/home/trickfire/gazebo-simulations/Robot-sim-template/install/ros_gz_example_gazebo/share/ros_gz_example_gazebo/worlds:/home/trickfire/gazebo-simulations/Robot-sim-template/install/ros_gz_example_description/share/ros_gz_example_description/models /usr/bin/cmake --install /home/trickfire/gazebo-simulations/Robot-sim-template/build/ros_gz_example_bringup
[0.361s] -- Install configuration: ""
[0.362s] -- Installing: /home/trickfire/gazebo-simulations/Robot-sim-template/install/ros_gz_example_bringup/share/ros_gz_example_bringup/launch
[0.363s] -- Installing: /home/trickfire/gazebo-simulations/Robot-sim-template/install/ros_gz_example_bringup/share/ros_gz_example_bringup/launch/rrbot_setup.launch.py
[0.364s] -- Installing: /home/trickfire/gazebo-simulations/Robot-sim-template/install/ros_gz_example_bringup/share/ros_gz_example_bringup/launch/diff_drive.launch.py
[0.365s] -- Installing: /home/trickfire/gazebo-simulations/Robot-sim-template/install/ros_gz_example_bringup/share/ros_gz_example_bringup/config
[0.366s] -- Installing: /home/trickfire/gazebo-simulations/Robot-sim-template/install/ros_gz_example_bringup/share/ros_gz_example_bringup/config/ros_gz_example_bridge.yaml
[0.367s] -- Installing: /home/trickfire/gazebo-simulations/Robot-sim-template/install/ros_gz_example_bringup/share/ros_gz_example_bringup/config/diff_drive.rviz
[0.368s] -- Installing: /home/trickfire/gazebo-simulations/Robot-sim-template/install/ros_gz_example_bringup/share/ros_gz_example_bringup/config/rrbot.rviz
[0.370s] -- Installing: /home/trickfire/gazebo-simulations/Robot-sim-template/install/ros_gz_example_bringup/share/ament_index/resource_index/package_run_dependencies/ros_gz_example_bringup
[0.371s] -- Installing: /home/trickfire/gazebo-simulations/Robot-sim-template/install/ros_gz_example_bringup/share/ament_index/resource_index/parent_prefix_path/ros_gz_example_bringup
[0.373s] -- Installing: /home/trickfire/gazebo-simulations/Robot-sim-template/install/ros_gz_example_bringup/share/ros_gz_example_bringup/environment/ament_prefix_path.sh
[0.374s] -- Installing: /home/trickfire/gazebo-simulations/Robot-sim-template/install/ros_gz_example_bringup/share/ros_gz_example_bringup/environment/ament_prefix_path.dsv
[0.375s] -- Installing: /home/trickfire/gazebo-simulations/Robot-sim-template/install/ros_gz_example_bringup/share/ros_gz_example_bringup/environment/path.sh
[0.376s] -- Installing: /home/trickfire/gazebo-simulations/Robot-sim-template/install/ros_gz_example_bringup/share/ros_gz_example_bringup/environment/path.dsv
[0.377s] -- Installing: /home/trickfire/gazebo-simulations/Robot-sim-template/install/ros_gz_example_bringup/share/ros_gz_example_bringup/local_setup.bash
[0.378s] -- Installing: /home/trickfire/gazebo-simulations/Robot-sim-template/install/ros_gz_example_bringup/share/ros_gz_example_bringup/local_setup.sh
[0.379s] -- Installing: /home/trickfire/gazebo-simulations/Robot-sim-template/install/ros_gz_example_bringup/share/ros_gz_example_bringup/local_setup.zsh
[0.380s] -- Installing: /home/trickfire/gazebo-simulations/Robot-sim-template/install/ros_gz_example_bringup/share/ros_gz_example_bringup/local_setup.dsv
[0.382s] -- Installing: /home/trickfire/gazebo-simulations/Robot-sim-template/install/ros_gz_example_bringup/share/ros_gz_example_bringup/package.dsv
[0.383s] -- Installing: /home/trickfire/gazebo-simulations/Robot-sim-template/install/ros_gz_example_bringup/share/ament_index/resource_index/packages/ros_gz_example_bringup
[0.385s] -- Installing: /home/trickfire/gazebo-simulations/Robot-sim-template/install/ros_gz_example_bringup/share/ros_gz_example_bringup/cmake/ros_gz_example_bringupConfig.cmake
[0.386s] -- Installing: /home/trickfire/gazebo-simulations/Robot-sim-template/install/ros_gz_example_bringup/share/ros_gz_example_bringup/cmake/ros_gz_example_bringupConfig-version.cmake
[0.387s] -- Installing: /home/trickfire/gazebo-simulations/Robot-sim-template/install/ros_gz_example_bringup/share/ros_gz_example_bringup/package.xml
[0.389s] Invoked command in '/home/trickfire/gazebo-simulations/Robot-sim-template/build/ros_gz_example_bringup' returned '0': AMENT_PREFIX_PATH=/home/trickfire/gazebo-simulations/Robot-sim-template/install/ros_gz_example_gazebo:/home/trickfire/gazebo-simulations/Robot-sim-template/install/ros_gz_example_description:${AMENT_PREFIX_PATH} CMAKE_PREFIX_PATH=/home/trickfire/gazebo-simulations/Robot-sim-template/install/ros_gz_example_gazebo:/home/trickfire/gazebo-simulations/Robot-sim-template/install/ros_gz_example_description:/opt/ros/humble GZ_SIM_PLUGIN_PATH=/home/trickfire/gazebo-simulations/Robot-sim-template/install/ros_gz_example_gazebo/lib/ros_gz_example_gazebo GZ_SIM_RESOURCE_PATH=/home/trickfire/gazebo-simulations/Robot-sim-template/install/ros_gz_example_gazebo/share/ros_gz_example_gazebo/worlds:/home/trickfire/gazebo-simulations/Robot-sim-template/install/ros_gz_example_description/share/ros_gz_example_description/models /usr/bin/cmake --install /home/trickfire/gazebo-simulations/Robot-sim-template/build/ros_gz_example_bringup
