[0.009s] Invoking command in '/home/trickfire/gazebo-simulations/Robot-sim-template/build/ros_gz_example_application': CMAKE_PREFIX_PATH=/opt/ros/humble /usr/bin/cmake /home/trickfire/gazebo-simulations/Robot-sim-template/ros_gz_example_application -DBUILD_TESTING=ON -DCMAKE_INSTALL_PREFIX=/home/trickfire/gazebo-simulations/Robot-sim-template/install/ros_gz_example_application
[0.045s] -- The C compiler identification is GNU 11.4.0
[0.079s] -- The CXX compiler identification is GNU 11.4.0
[0.086s] -- Detecting C compiler ABI info
[0.142s] -- Detecting C compiler ABI info - done
[0.148s] -- Check for working C compiler: /usr/bin/cc - skipped
[0.149s] -- Detecting C compile features
[0.149s] -- Detecting C compile features - done
[0.154s] -- Detecting CXX compiler ABI info
[0.219s] -- Detecting CXX compiler ABI info - done
[0.229s] -- Check for working CXX compiler: /usr/bin/c++ - skipped
[0.229s] -- Detecting CXX compile features
[0.230s] -- Detecting CXX compile features - done
[0.234s] -- Found ament_cmake: 1.3.12 (/opt/ros/humble/share/ament_cmake/cmake)
[0.283s] -- Found Python3: /usr/bin/python3 (found version "3.10.12") found components: Interpreter 
[0.383s] -- Configuring done
[0.405s] -- Generating done
[0.417s] -- Build files have been written to: /home/trickfire/gazebo-simulations/Robot-sim-template/build/ros_gz_example_application
[0.419s] Invoked command in '/home/trickfire/gazebo-simulations/Robot-sim-template/build/ros_gz_example_application' returned '0': CMAKE_PREFIX_PATH=/opt/ros/humble /usr/bin/cmake /home/trickfire/gazebo-simulations/Robot-sim-template/ros_gz_example_application -DBUILD_TESTING=ON -DCMAKE_INSTALL_PREFIX=/home/trickfire/gazebo-simulations/Robot-sim-template/install/ros_gz_example_application
[0.422s] Invoking command in '/home/trickfire/gazebo-simulations/Robot-sim-template/build/ros_gz_example_application': CMAKE_PREFIX_PATH=/opt/ros/humble /usr/bin/cmake --build /home/trickfire/gazebo-simulations/Robot-sim-template/build/ros_gz_example_application -- -j10 -l10
[0.438s] Invoked command in '/home/trickfire/gazebo-simulations/Robot-sim-template/build/ros_gz_example_application' returned '0': CMAKE_PREFIX_PATH=/opt/ros/humble /usr/bin/cmake --build /home/trickfire/gazebo-simulations/Robot-sim-template/build/ros_gz_example_application -- -j10 -l10
[0.443s] Invoking command in '/home/trickfire/gazebo-simulations/Robot-sim-template/build/ros_gz_example_application': CMAKE_PREFIX_PATH=/opt/ros/humble /usr/bin/cmake --install /home/trickfire/gazebo-simulations/Robot-sim-template/build/ros_gz_example_application
[0.445s] -- Install configuration: ""
[0.446s] -- Installing: /home/trickfire/gazebo-simulations/Robot-sim-template/install/ros_gz_example_application/share/ament_index/resource_index/package_run_dependencies/ros_gz_example_application
[0.449s] -- Installing: /home/trickfire/gazebo-simulations/Robot-sim-template/install/ros_gz_example_application/share/ament_index/resource_index/parent_prefix_path/ros_gz_example_application
[0.452s] -- Installing: /home/trickfire/gazebo-simulations/Robot-sim-template/install/ros_gz_example_application/share/ros_gz_example_application/environment/ament_prefix_path.sh
[0.453s] -- Installing: /home/trickfire/gazebo-simulations/Robot-sim-template/install/ros_gz_example_application/share/ros_gz_example_application/environment/ament_prefix_path.dsv
[0.455s] -- Installing: /home/trickfire/gazebo-simulations/Robot-sim-template/install/ros_gz_example_application/share/ros_gz_example_application/environment/path.sh
[0.457s] -- Installing: /home/trickfire/gazebo-simulations/Robot-sim-template/install/ros_gz_example_application/share/ros_gz_example_application/environment/path.dsv
[0.459s] -- Installing: /home/trickfire/gazebo-simulations/Robot-sim-template/install/ros_gz_example_application/share/ros_gz_example_application/local_setup.bash
[0.461s] -- Installing: /home/trickfire/gazebo-simulations/Robot-sim-template/install/ros_gz_example_application/share/ros_gz_example_application/local_setup.sh
[0.463s] -- Installing: /home/trickfire/gazebo-simulations/Robot-sim-template/install/ros_gz_example_application/share/ros_gz_example_application/local_setup.zsh
[0.465s] -- Installing: /home/trickfire/gazebo-simulations/Robot-sim-template/install/ros_gz_example_application/share/ros_gz_example_application/local_setup.dsv
[0.468s] -- Installing: /home/trickfire/gazebo-simulations/Robot-sim-template/install/ros_gz_example_application/share/ros_gz_example_application/package.dsv
[0.471s] -- Installing: /home/trickfire/gazebo-simulations/Robot-sim-template/install/ros_gz_example_application/share/ament_index/resource_index/packages/ros_gz_example_application
[0.473s] -- Installing: /home/trickfire/gazebo-simulations/Robot-sim-template/install/ros_gz_example_application/share/ros_gz_example_application/cmake/ros_gz_example_applicationConfig.cmake
[0.475s] -- Installing: /home/trickfire/gazebo-simulations/Robot-sim-template/install/ros_gz_example_application/share/ros_gz_example_application/cmake/ros_gz_example_applicationConfig-version.cmake
[0.477s] -- Installing: /home/trickfire/gazebo-simulations/Robot-sim-template/install/ros_gz_example_application/share/ros_gz_example_application/package.xml
[0.480s] Invoked command in '/home/trickfire/gazebo-simulations/Robot-sim-template/build/ros_gz_example_application' returned '0': CMAKE_PREFIX_PATH=/opt/ros/humble /usr/bin/cmake --install /home/trickfire/gazebo-simulations/Robot-sim-template/build/ros_gz_example_application
