[0.044s] DEBUG:colcon:Command line arguments: ['/usr/bin/colcon', 'build', '--cmake-args', '-DBUILD_TESTING=ON']
[0.044s] DEBUG:colcon:Parsed command line arguments: Namespace(log_base=None, log_level=None, verb_name='build', build_base='build', install_base='install', merge_install=False, symlink_install=False, test_result_base=None, continue_on_error=False, executor='parallel', parallel_workers=10, event_handlers=None, ignore_user_meta=False, metas=['./colcon.meta'], base_paths=['.'], packages_ignore=None, packages_ignore_regex=None, paths=None, packages_up_to=None, packages_up_to_regex=None, packages_above=None, packages_above_and_dependencies=None, packages_above_depth=None, packages_select_by_dep=None, packages_skip_by_dep=None, packages_skip_up_to=None, packages_select_build_failed=False, packages_skip_build_finished=False, packages_select_test_failures=False, packages_skip_test_passed=False, packages_select=None, packages_skip=None, packages_select_regex=None, packages_skip_regex=None, packages_start=None, packages_end=None, cmake_args=['-DBUILD_TESTING=ON'], cmake_target=None, cmake_target_skip_unavailable=False, cmake_clean_cache=False, cmake_clean_first=False, cmake_force_configure=False, ament_cmake_args=None, catkin_cmake_args=None, catkin_skip_building_tests=False, mixin_files=None, mixin=None, verb_parser=<colcon_mixin.mixin.mixin_argument.MixinArgumentDecorator object at 0xffffbca5f3a0>, verb_extension=<colcon_core.verb.build.BuildVerb object at 0xffffbca5ed10>, main=<bound method BuildVerb.main of <colcon_core.verb.build.BuildVerb object at 0xffffbca5ed10>>, mixin_verb=('build',))
[0.092s] Level 1:colcon.colcon_core.package_discovery:discover_packages(colcon_meta) check parameters
[0.093s] Level 1:colcon.colcon_core.package_discovery:discover_packages(recursive) check parameters
[0.093s] Level 1:colcon.colcon_core.package_discovery:discover_packages(ignore) check parameters
[0.093s] Level 1:colcon.colcon_core.package_discovery:discover_packages(path) check parameters
[0.093s] Level 1:colcon.colcon_core.package_discovery:discover_packages(colcon_meta) discover
[0.093s] Level 1:colcon.colcon_core.package_discovery:discover_packages(recursive) discover
[0.093s] INFO:colcon.colcon_core.package_discovery:Crawling recursively for packages in '/home/trickfire/gazebo-simulations/Robot-sim-template'
[0.093s] Level 1:colcon.colcon_core.package_identification:_identify(.) by extensions ['ignore', 'ignore_ament_install']
[0.093s] Level 1:colcon.colcon_core.package_identification:_identify(.) by extension 'ignore'
[0.093s] Level 1:colcon.colcon_core.package_identification:_identify(.) by extension 'ignore_ament_install'
[0.093s] Level 1:colcon.colcon_core.package_identification:_identify(.) by extensions ['colcon_pkg']
[0.094s] Level 1:colcon.colcon_core.package_identification:_identify(.) by extension 'colcon_pkg'
[0.094s] Level 1:colcon.colcon_core.package_identification:_identify(.) by extensions ['colcon_meta']
[0.094s] Level 1:colcon.colcon_core.package_identification:_identify(.) by extension 'colcon_meta'
[0.094s] Level 1:colcon.colcon_core.package_identification:_identify(.) by extensions ['ros']
[0.094s] Level 1:colcon.colcon_core.package_identification:_identify(.) by extension 'ros'
[0.100s] Level 1:colcon.colcon_core.package_identification:_identify(.) by extensions ['cmake', 'python']
[0.100s] Level 1:colcon.colcon_core.package_identification:_identify(.) by extension 'cmake'
[0.100s] Level 1:colcon.colcon_core.package_identification:_identify(.) by extension 'python'
[0.100s] Level 1:colcon.colcon_core.package_identification:_identify(.) by extensions ['python_setup_py']
[0.100s] Level 1:colcon.colcon_core.package_identification:_identify(.) by extension 'python_setup_py'
[0.100s] Level 1:colcon.colcon_core.package_identification:_identify(build) by extensions ['ignore', 'ignore_ament_install']
[0.100s] Level 1:colcon.colcon_core.package_identification:_identify(build) by extension 'ignore'
[0.100s] Level 1:colcon.colcon_core.package_identification:_identify(build) ignored
[0.100s] Level 1:colcon.colcon_core.package_identification:_identify(install) by extensions ['ignore', 'ignore_ament_install']
[0.100s] Level 1:colcon.colcon_core.package_identification:_identify(install) by extension 'ignore'
[0.100s] Level 1:colcon.colcon_core.package_identification:_identify(install) ignored
[0.101s] Level 1:colcon.colcon_core.package_identification:_identify(log) by extensions ['ignore', 'ignore_ament_install']
[0.101s] Level 1:colcon.colcon_core.package_identification:_identify(log) by extension 'ignore'
[0.101s] Level 1:colcon.colcon_core.package_identification:_identify(log) ignored
[0.105s] Level 1:colcon.colcon_core.package_identification:_identify(ros_gz_example_application) by extensions ['ignore', 'ignore_ament_install']
[0.105s] Level 1:colcon.colcon_core.package_identification:_identify(ros_gz_example_application) by extension 'ignore'
[0.105s] Level 1:colcon.colcon_core.package_identification:_identify(ros_gz_example_application) by extension 'ignore_ament_install'
[0.105s] Level 1:colcon.colcon_core.package_identification:_identify(ros_gz_example_application) by extensions ['colcon_pkg']
[0.105s] Level 1:colcon.colcon_core.package_identification:_identify(ros_gz_example_application) by extension 'colcon_pkg'
[0.105s] Level 1:colcon.colcon_core.package_identification:_identify(ros_gz_example_application) by extensions ['colcon_meta']
[0.105s] Level 1:colcon.colcon_core.package_identification:_identify(ros_gz_example_application) by extension 'colcon_meta'
[0.105s] Level 1:colcon.colcon_core.package_identification:_identify(ros_gz_example_application) by extensions ['ros']
[0.105s] Level 1:colcon.colcon_core.package_identification:_identify(ros_gz_example_application) by extension 'ros'
[0.107s] DEBUG:colcon.colcon_core.package_identification:Package 'ros_gz_example_application' with type 'ros.ament_cmake' and name 'ros_gz_example_application'
[0.107s] Level 1:colcon.colcon_core.package_identification:_identify(ros_gz_example_bringup) by extensions ['ignore', 'ignore_ament_install']
[0.107s] Level 1:colcon.colcon_core.package_identification:_identify(ros_gz_example_bringup) by extension 'ignore'
[0.107s] Level 1:colcon.colcon_core.package_identification:_identify(ros_gz_example_bringup) by extension 'ignore_ament_install'
[0.108s] Level 1:colcon.colcon_core.package_identification:_identify(ros_gz_example_bringup) by extensions ['colcon_pkg']
[0.108s] Level 1:colcon.colcon_core.package_identification:_identify(ros_gz_example_bringup) by extension 'colcon_pkg'
[0.108s] Level 1:colcon.colcon_core.package_identification:_identify(ros_gz_example_bringup) by extensions ['colcon_meta']
[0.108s] Level 1:colcon.colcon_core.package_identification:_identify(ros_gz_example_bringup) by extension 'colcon_meta'
[0.108s] Level 1:colcon.colcon_core.package_identification:_identify(ros_gz_example_bringup) by extensions ['ros']
[0.108s] Level 1:colcon.colcon_core.package_identification:_identify(ros_gz_example_bringup) by extension 'ros'
[0.108s] DEBUG:colcon.colcon_core.package_identification:Package 'ros_gz_example_bringup' with type 'ros.ament_cmake' and name 'ros_gz_example_bringup'
[0.109s] Level 1:colcon.colcon_core.package_identification:_identify(ros_gz_example_description) by extensions ['ignore', 'ignore_ament_install']
[0.109s] Level 1:colcon.colcon_core.package_identification:_identify(ros_gz_example_description) by extension 'ignore'
[0.109s] Level 1:colcon.colcon_core.package_identification:_identify(ros_gz_example_description) by extension 'ignore_ament_install'
[0.109s] Level 1:colcon.colcon_core.package_identification:_identify(ros_gz_example_description) by extensions ['colcon_pkg']
[0.109s] Level 1:colcon.colcon_core.package_identification:_identify(ros_gz_example_description) by extension 'colcon_pkg'
[0.109s] Level 1:colcon.colcon_core.package_identification:_identify(ros_gz_example_description) by extensions ['colcon_meta']
[0.109s] Level 1:colcon.colcon_core.package_identification:_identify(ros_gz_example_description) by extension 'colcon_meta'
[0.109s] Level 1:colcon.colcon_core.package_identification:_identify(ros_gz_example_description) by extensions ['ros']
[0.109s] Level 1:colcon.colcon_core.package_identification:_identify(ros_gz_example_description) by extension 'ros'
[0.109s] DEBUG:colcon.colcon_core.package_identification:Package 'ros_gz_example_description' with type 'ros.ament_cmake' and name 'ros_gz_example_description'
[0.110s] Level 1:colcon.colcon_core.package_identification:_identify(ros_gz_example_gazebo) by extensions ['ignore', 'ignore_ament_install']
[0.110s] Level 1:colcon.colcon_core.package_identification:_identify(ros_gz_example_gazebo) by extension 'ignore'
[0.110s] Level 1:colcon.colcon_core.package_identification:_identify(ros_gz_example_gazebo) by extension 'ignore_ament_install'
[0.110s] Level 1:colcon.colcon_core.package_identification:_identify(ros_gz_example_gazebo) by extensions ['colcon_pkg']
[0.110s] Level 1:colcon.colcon_core.package_identification:_identify(ros_gz_example_gazebo) by extension 'colcon_pkg'
[0.110s] Level 1:colcon.colcon_core.package_identification:_identify(ros_gz_example_gazebo) by extensions ['colcon_meta']
[0.110s] Level 1:colcon.colcon_core.package_identification:_identify(ros_gz_example_gazebo) by extension 'colcon_meta'
[0.110s] Level 1:colcon.colcon_core.package_identification:_identify(ros_gz_example_gazebo) by extensions ['ros']
[0.110s] Level 1:colcon.colcon_core.package_identification:_identify(ros_gz_example_gazebo) by extension 'ros'
[0.110s] DEBUG:colcon.colcon_core.package_identification:Package 'ros_gz_example_gazebo' with type 'ros.ament_cmake' and name 'ros_gz_example_gazebo'
[0.111s] Level 1:colcon.colcon_core.package_identification:_identify(ros_gz_project_template) by extensions ['ignore', 'ignore_ament_install']
[0.111s] Level 1:colcon.colcon_core.package_identification:_identify(ros_gz_project_template) by extension 'ignore'
[0.111s] Level 1:colcon.colcon_core.package_identification:_identify(ros_gz_project_template) by extension 'ignore_ament_install'
[0.111s] Level 1:colcon.colcon_core.package_identification:_identify(ros_gz_project_template) by extensions ['colcon_pkg']
[0.111s] Level 1:colcon.colcon_core.package_identification:_identify(ros_gz_project_template) by extension 'colcon_pkg'
[0.111s] Level 1:colcon.colcon_core.package_identification:_identify(ros_gz_project_template) by extensions ['colcon_meta']
[0.111s] Level 1:colcon.colcon_core.package_identification:_identify(ros_gz_project_template) by extension 'colcon_meta'
[0.111s] Level 1:colcon.colcon_core.package_identification:_identify(ros_gz_project_template) by extensions ['ros']
[0.111s] Level 1:colcon.colcon_core.package_identification:_identify(ros_gz_project_template) by extension 'ros'
[0.111s] Level 1:colcon.colcon_core.package_identification:_identify(ros_gz_project_template) by extensions ['cmake', 'python']
[0.111s] Level 1:colcon.colcon_core.package_identification:_identify(ros_gz_project_template) by extension 'cmake'
[0.111s] Level 1:colcon.colcon_core.package_identification:_identify(ros_gz_project_template) by extension 'python'
[0.111s] Level 1:colcon.colcon_core.package_identification:_identify(ros_gz_project_template) by extensions ['python_setup_py']
[0.111s] Level 1:colcon.colcon_core.package_identification:_identify(ros_gz_project_template) by extension 'python_setup_py'
[0.112s] Level 1:colcon.colcon_core.package_identification:_identify(src) by extensions ['ignore', 'ignore_ament_install']
[0.112s] Level 1:colcon.colcon_core.package_identification:_identify(src) by extension 'ignore'
[0.112s] Level 1:colcon.colcon_core.package_identification:_identify(src) by extension 'ignore_ament_install'
[0.112s] Level 1:colcon.colcon_core.package_identification:_identify(src) by extensions ['colcon_pkg']
[0.112s] Level 1:colcon.colcon_core.package_identification:_identify(src) by extension 'colcon_pkg'
[0.112s] Level 1:colcon.colcon_core.package_identification:_identify(src) by extensions ['colcon_meta']
[0.112s] Level 1:colcon.colcon_core.package_identification:_identify(src) by extension 'colcon_meta'
[0.112s] Level 1:colcon.colcon_core.package_identification:_identify(src) by extensions ['ros']
[0.112s] Level 1:colcon.colcon_core.package_identification:_identify(src) by extension 'ros'
[0.112s] Level 1:colcon.colcon_core.package_identification:_identify(src) by extensions ['cmake', 'python']
[0.112s] Level 1:colcon.colcon_core.package_identification:_identify(src) by extension 'cmake'
[0.112s] Level 1:colcon.colcon_core.package_identification:_identify(src) by extension 'python'
[0.112s] Level 1:colcon.colcon_core.package_identification:_identify(src) by extensions ['python_setup_py']
[0.112s] Level 1:colcon.colcon_core.package_identification:_identify(src) by extension 'python_setup_py'
[0.112s] Level 1:colcon.colcon_core.package_discovery:discover_packages(recursive) using defaults
[0.112s] Level 1:colcon.colcon_core.package_discovery:discover_packages(ignore) discover
[0.113s] Level 1:colcon.colcon_core.package_discovery:discover_packages(ignore) using defaults
[0.113s] Level 1:colcon.colcon_core.package_discovery:discover_packages(path) discover
[0.113s] Level 1:colcon.colcon_core.package_discovery:discover_packages(path) using defaults
[0.122s] Level 5:colcon.colcon_core.verb:set package 'ros_gz_example_application' build argument 'cmake_args' from command line to '['-DBUILD_TESTING=ON']'
[0.122s] Level 5:colcon.colcon_core.verb:set package 'ros_gz_example_application' build argument 'cmake_target' from command line to 'None'
[0.122s] Level 5:colcon.colcon_core.verb:set package 'ros_gz_example_application' build argument 'cmake_target_skip_unavailable' from command line to 'False'
[0.122s] Level 5:colcon.colcon_core.verb:set package 'ros_gz_example_application' build argument 'cmake_clean_cache' from command line to 'False'
[0.122s] Level 5:colcon.colcon_core.verb:set package 'ros_gz_example_application' build argument 'cmake_clean_first' from command line to 'False'
[0.122s] Level 5:colcon.colcon_core.verb:set package 'ros_gz_example_application' build argument 'cmake_force_configure' from command line to 'False'
[0.122s] Level 5:colcon.colcon_core.verb:set package 'ros_gz_example_application' build argument 'ament_cmake_args' from command line to 'None'
[0.122s] Level 5:colcon.colcon_core.verb:set package 'ros_gz_example_application' build argument 'catkin_cmake_args' from command line to 'None'
[0.122s] Level 5:colcon.colcon_core.verb:set package 'ros_gz_example_application' build argument 'catkin_skip_building_tests' from command line to 'False'
[0.122s] DEBUG:colcon.colcon_core.verb:Building package 'ros_gz_example_application' with the following arguments: {'ament_cmake_args': None, 'build_base': '/home/trickfire/gazebo-simulations/Robot-sim-template/build/ros_gz_example_application', 'catkin_cmake_args': None, 'catkin_skip_building_tests': False, 'cmake_args': ['-DBUILD_TESTING=ON'], 'cmake_clean_cache': False, 'cmake_clean_first': False, 'cmake_force_configure': False, 'cmake_target': None, 'cmake_target_skip_unavailable': False, 'install_base': '/home/trickfire/gazebo-simulations/Robot-sim-template/install/ros_gz_example_application', 'merge_install': False, 'path': '/home/trickfire/gazebo-simulations/Robot-sim-template/ros_gz_example_application', 'symlink_install': False, 'test_result_base': None}
[0.122s] Level 5:colcon.colcon_core.verb:set package 'ros_gz_example_description' build argument 'cmake_args' from command line to '['-DBUILD_TESTING=ON']'
[0.122s] Level 5:colcon.colcon_core.verb:set package 'ros_gz_example_description' build argument 'cmake_target' from command line to 'None'
[0.123s] Level 5:colcon.colcon_core.verb:set package 'ros_gz_example_description' build argument 'cmake_target_skip_unavailable' from command line to 'False'
[0.123s] Level 5:colcon.colcon_core.verb:set package 'ros_gz_example_description' build argument 'cmake_clean_cache' from command line to 'False'
[0.123s] Level 5:colcon.colcon_core.verb:set package 'ros_gz_example_description' build argument 'cmake_clean_first' from command line to 'False'
[0.123s] Level 5:colcon.colcon_core.verb:set package 'ros_gz_example_description' build argument 'cmake_force_configure' from command line to 'False'
[0.123s] Level 5:colcon.colcon_core.verb:set package 'ros_gz_example_description' build argument 'ament_cmake_args' from command line to 'None'
[0.123s] Level 5:colcon.colcon_core.verb:set package 'ros_gz_example_description' build argument 'catkin_cmake_args' from command line to 'None'
[0.123s] Level 5:colcon.colcon_core.verb:set package 'ros_gz_example_description' build argument 'catkin_skip_building_tests' from command line to 'False'
[0.123s] DEBUG:colcon.colcon_core.verb:Building package 'ros_gz_example_description' with the following arguments: {'ament_cmake_args': None, 'build_base': '/home/trickfire/gazebo-simulations/Robot-sim-template/build/ros_gz_example_description', 'catkin_cmake_args': None, 'catkin_skip_building_tests': False, 'cmake_args': ['-DBUILD_TESTING=ON'], 'cmake_clean_cache': False, 'cmake_clean_first': False, 'cmake_force_configure': False, 'cmake_target': None, 'cmake_target_skip_unavailable': False, 'install_base': '/home/trickfire/gazebo-simulations/Robot-sim-template/install/ros_gz_example_description', 'merge_install': False, 'path': '/home/trickfire/gazebo-simulations/Robot-sim-template/ros_gz_example_description', 'symlink_install': False, 'test_result_base': None}
[0.123s] Level 5:colcon.colcon_core.verb:set package 'ros_gz_example_gazebo' build argument 'cmake_args' from command line to '['-DBUILD_TESTING=ON']'
[0.123s] Level 5:colcon.colcon_core.verb:set package 'ros_gz_example_gazebo' build argument 'cmake_target' from command line to 'None'
[0.123s] Level 5:colcon.colcon_core.verb:set package 'ros_gz_example_gazebo' build argument 'cmake_target_skip_unavailable' from command line to 'False'
[0.123s] Level 5:colcon.colcon_core.verb:set package 'ros_gz_example_gazebo' build argument 'cmake_clean_cache' from command line to 'False'
[0.123s] Level 5:colcon.colcon_core.verb:set package 'ros_gz_example_gazebo' build argument 'cmake_clean_first' from command line to 'False'
[0.123s] Level 5:colcon.colcon_core.verb:set package 'ros_gz_example_gazebo' build argument 'cmake_force_configure' from command line to 'False'
[0.123s] Level 5:colcon.colcon_core.verb:set package 'ros_gz_example_gazebo' build argument 'ament_cmake_args' from command line to 'None'
[0.123s] Level 5:colcon.colcon_core.verb:set package 'ros_gz_example_gazebo' build argument 'catkin_cmake_args' from command line to 'None'
[0.123s] Level 5:colcon.colcon_core.verb:set package 'ros_gz_example_gazebo' build argument 'catkin_skip_building_tests' from command line to 'False'
[0.123s] DEBUG:colcon.colcon_core.verb:Building package 'ros_gz_example_gazebo' with the following arguments: {'ament_cmake_args': None, 'build_base': '/home/trickfire/gazebo-simulations/Robot-sim-template/build/ros_gz_example_gazebo', 'catkin_cmake_args': None, 'catkin_skip_building_tests': False, 'cmake_args': ['-DBUILD_TESTING=ON'], 'cmake_clean_cache': False, 'cmake_clean_first': False, 'cmake_force_configure': False, 'cmake_target': None, 'cmake_target_skip_unavailable': False, 'install_base': '/home/trickfire/gazebo-simulations/Robot-sim-template/install/ros_gz_example_gazebo', 'merge_install': False, 'path': '/home/trickfire/gazebo-simulations/Robot-sim-template/ros_gz_example_gazebo', 'symlink_install': False, 'test_result_base': None}
[0.123s] Level 5:colcon.colcon_core.verb:set package 'ros_gz_example_bringup' build argument 'cmake_args' from command line to '['-DBUILD_TESTING=ON']'
[0.123s] Level 5:colcon.colcon_core.verb:set package 'ros_gz_example_bringup' build argument 'cmake_target' from command line to 'None'
[0.124s] Level 5:colcon.colcon_core.verb:set package 'ros_gz_example_bringup' build argument 'cmake_target_skip_unavailable' from command line to 'False'
[0.124s] Level 5:colcon.colcon_core.verb:set package 'ros_gz_example_bringup' build argument 'cmake_clean_cache' from command line to 'False'
[0.124s] Level 5:colcon.colcon_core.verb:set package 'ros_gz_example_bringup' build argument 'cmake_clean_first' from command line to 'False'
[0.124s] Level 5:colcon.colcon_core.verb:set package 'ros_gz_example_bringup' build argument 'cmake_force_configure' from command line to 'False'
[0.124s] Level 5:colcon.colcon_core.verb:set package 'ros_gz_example_bringup' build argument 'ament_cmake_args' from command line to 'None'
[0.124s] Level 5:colcon.colcon_core.verb:set package 'ros_gz_example_bringup' build argument 'catkin_cmake_args' from command line to 'None'
[0.124s] Level 5:colcon.colcon_core.verb:set package 'ros_gz_example_bringup' build argument 'catkin_skip_building_tests' from command line to 'False'
[0.124s] DEBUG:colcon.colcon_core.verb:Building package 'ros_gz_example_bringup' with the following arguments: {'ament_cmake_args': None, 'build_base': '/home/trickfire/gazebo-simulations/Robot-sim-template/build/ros_gz_example_bringup', 'catkin_cmake_args': None, 'catkin_skip_building_tests': False, 'cmake_args': ['-DBUILD_TESTING=ON'], 'cmake_clean_cache': False, 'cmake_clean_first': False, 'cmake_force_configure': False, 'cmake_target': None, 'cmake_target_skip_unavailable': False, 'install_base': '/home/trickfire/gazebo-simulations/Robot-sim-template/install/ros_gz_example_bringup', 'merge_install': False, 'path': '/home/trickfire/gazebo-simulations/Robot-sim-template/ros_gz_example_bringup', 'symlink_install': False, 'test_result_base': None}
[0.124s] INFO:colcon.colcon_core.executor:Executing jobs using 'parallel' executor
[0.124s] DEBUG:colcon.colcon_parallel_executor.executor.parallel:run_until_complete
[0.124s] INFO:colcon.colcon_ros.task.ament_cmake.build:Building ROS package in '/home/trickfire/gazebo-simulations/Robot-sim-template/ros_gz_example_description' with build type 'ament_cmake'
[0.124s] INFO:colcon.colcon_cmake.task.cmake.build:Building CMake package in '/home/trickfire/gazebo-simulations/Robot-sim-template/ros_gz_example_description'
[0.125s] INFO:colcon.colcon_core.plugin_system:Skipping extension 'colcon_core.shell.bat': Not used on non-Windows systems
[0.125s] INFO:colcon.colcon_core.shell:Skip shell extension 'powershell' for command environment: Not usable outside of PowerShell
[0.125s] DEBUG:colcon.colcon_core.shell:Skip shell extension 'dsv' for command environment
[0.128s] INFO:colcon.colcon_ros.task.ament_cmake.build:Building ROS package in '/home/trickfire/gazebo-simulations/Robot-sim-template/ros_gz_example_application' with build type 'ament_cmake'
[0.128s] INFO:colcon.colcon_cmake.task.cmake.build:Building CMake package in '/home/trickfire/gazebo-simulations/Robot-sim-template/ros_gz_example_application'
[0.128s] INFO:colcon.colcon_core.shell:Skip shell extension 'powershell' for command environment: Not usable outside of PowerShell
[0.128s] DEBUG:colcon.colcon_core.shell:Skip shell extension 'dsv' for command environment
[0.134s] DEBUG:colcon.colcon_core.event_handler.log_command:Invoking command in '/home/trickfire/gazebo-simulations/Robot-sim-template/build/ros_gz_example_description': CMAKE_PREFIX_PATH=/opt/ros/humble /usr/bin/cmake --build /home/trickfire/gazebo-simulations/Robot-sim-template/build/ros_gz_example_description -- -j10 -l10
[0.138s] DEBUG:colcon.colcon_core.event_handler.log_command:Invoking command in '/home/trickfire/gazebo-simulations/Robot-sim-template/build/ros_gz_example_application': CMAKE_PREFIX_PATH=/opt/ros/humble /usr/bin/cmake --build /home/trickfire/gazebo-simulations/Robot-sim-template/build/ros_gz_example_application -- -j10 -l10
[0.153s] DEBUG:colcon.colcon_core.event_handler.log_command:Invoked command in '/home/trickfire/gazebo-simulations/Robot-sim-template/build/ros_gz_example_application' returned '0': CMAKE_PREFIX_PATH=/opt/ros/humble /usr/bin/cmake --build /home/trickfire/gazebo-simulations/Robot-sim-template/build/ros_gz_example_application -- -j10 -l10
[0.159s] DEBUG:colcon.colcon_core.event_handler.log_command:Invoking command in '/home/trickfire/gazebo-simulations/Robot-sim-template/build/ros_gz_example_application': CMAKE_PREFIX_PATH=/opt/ros/humble /usr/bin/cmake --install /home/trickfire/gazebo-simulations/Robot-sim-template/build/ros_gz_example_application
[0.159s] DEBUG:colcon.colcon_core.event_handler.log_command:Invoked command in '/home/trickfire/gazebo-simulations/Robot-sim-template/build/ros_gz_example_description' returned '0': CMAKE_PREFIX_PATH=/opt/ros/humble /usr/bin/cmake --build /home/trickfire/gazebo-simulations/Robot-sim-template/build/ros_gz_example_description -- -j10 -l10
[0.161s] DEBUG:colcon.colcon_core.event_handler.log_command:Invoking command in '/home/trickfire/gazebo-simulations/Robot-sim-template/build/ros_gz_example_description': CMAKE_PREFIX_PATH=/opt/ros/humble /usr/bin/cmake --install /home/trickfire/gazebo-simulations/Robot-sim-template/build/ros_gz_example_description
[0.169s] Level 1:colcon.colcon_core.environment:create_environment_scripts_only(ros_gz_example_application)
[0.172s] Level 1:colcon.colcon_core.environment:checking '/home/trickfire/gazebo-simulations/Robot-sim-template/install/ros_gz_example_application' for CMake module files
[0.175s] DEBUG:colcon.colcon_core.event_handler.log_command:Invoked command in '/home/trickfire/gazebo-simulations/Robot-sim-template/build/ros_gz_example_application' returned '0': CMAKE_PREFIX_PATH=/opt/ros/humble /usr/bin/cmake --install /home/trickfire/gazebo-simulations/Robot-sim-template/build/ros_gz_example_application
[0.175s] Level 1:colcon.colcon_core.environment:checking '/home/trickfire/gazebo-simulations/Robot-sim-template/install/ros_gz_example_application' for CMake config files
[0.177s] Level 1:colcon.colcon_core.shell:create_environment_hook('ros_gz_example_application', 'cmake_prefix_path')
[0.177s] INFO:colcon.colcon_core.shell:Creating environment hook '/home/trickfire/gazebo-simulations/Robot-sim-template/install/ros_gz_example_application/share/ros_gz_example_application/hook/cmake_prefix_path.ps1'
[0.178s] INFO:colcon.colcon_core.shell:Creating environment descriptor '/home/trickfire/gazebo-simulations/Robot-sim-template/install/ros_gz_example_application/share/ros_gz_example_application/hook/cmake_prefix_path.dsv'
[0.178s] INFO:colcon.colcon_core.shell:Creating environment hook '/home/trickfire/gazebo-simulations/Robot-sim-template/install/ros_gz_example_application/share/ros_gz_example_application/hook/cmake_prefix_path.sh'
[0.179s] Level 1:colcon.colcon_core.environment:checking '/home/trickfire/gazebo-simulations/Robot-sim-template/install/ros_gz_example_application/bin'
[0.179s] Level 1:colcon.colcon_core.environment:checking '/home/trickfire/gazebo-simulations/Robot-sim-template/install/ros_gz_example_application/lib/pkgconfig/ros_gz_example_application.pc'
[0.180s] Level 1:colcon.colcon_core.environment:checking '/home/trickfire/gazebo-simulations/Robot-sim-template/install/ros_gz_example_application/lib/python3.10/site-packages'
[0.180s] Level 1:colcon.colcon_core.environment:checking '/home/trickfire/gazebo-simulations/Robot-sim-template/install/ros_gz_example_application/bin'
[0.180s] INFO:colcon.colcon_core.shell:Creating package script '/home/trickfire/gazebo-simulations/Robot-sim-template/install/ros_gz_example_application/share/ros_gz_example_application/package.ps1'
[0.181s] INFO:colcon.colcon_core.shell:Creating package descriptor '/home/trickfire/gazebo-simulations/Robot-sim-template/install/ros_gz_example_application/share/ros_gz_example_application/package.dsv'
[0.181s] INFO:colcon.colcon_core.shell:Creating package script '/home/trickfire/gazebo-simulations/Robot-sim-template/install/ros_gz_example_application/share/ros_gz_example_application/package.sh'
[0.181s] INFO:colcon.colcon_core.shell:Creating package script '/home/trickfire/gazebo-simulations/Robot-sim-template/install/ros_gz_example_application/share/ros_gz_example_application/package.bash'
[0.182s] INFO:colcon.colcon_core.shell:Creating package script '/home/trickfire/gazebo-simulations/Robot-sim-template/install/ros_gz_example_application/share/ros_gz_example_application/package.zsh'
[0.182s] Level 1:colcon.colcon_core.environment:create_file_with_runtime_dependencies(/home/trickfire/gazebo-simulations/Robot-sim-template/install/ros_gz_example_application/share/colcon-core/packages/ros_gz_example_application)
[0.183s] Level 1:colcon.colcon_core.environment:create_environment_scripts_only(ros_gz_example_application)
[0.183s] Level 1:colcon.colcon_core.environment:checking '/home/trickfire/gazebo-simulations/Robot-sim-template/install/ros_gz_example_application' for CMake module files
[0.185s] Level 1:colcon.colcon_core.environment:checking '/home/trickfire/gazebo-simulations/Robot-sim-template/install/ros_gz_example_application' for CMake config files
[0.186s] Level 1:colcon.colcon_core.shell:create_environment_hook('ros_gz_example_application', 'cmake_prefix_path')
[0.186s] INFO:colcon.colcon_core.shell:Creating environment hook '/home/trickfire/gazebo-simulations/Robot-sim-template/install/ros_gz_example_application/share/ros_gz_example_application/hook/cmake_prefix_path.ps1'
[0.187s] INFO:colcon.colcon_core.shell:Creating environment descriptor '/home/trickfire/gazebo-simulations/Robot-sim-template/install/ros_gz_example_application/share/ros_gz_example_application/hook/cmake_prefix_path.dsv'
[0.187s] INFO:colcon.colcon_core.shell:Creating environment hook '/home/trickfire/gazebo-simulations/Robot-sim-template/install/ros_gz_example_application/share/ros_gz_example_application/hook/cmake_prefix_path.sh'
[0.187s] Level 1:colcon.colcon_core.environment:checking '/home/trickfire/gazebo-simulations/Robot-sim-template/install/ros_gz_example_application/bin'
[0.188s] Level 1:colcon.colcon_core.environment:checking '/home/trickfire/gazebo-simulations/Robot-sim-template/install/ros_gz_example_application/lib/pkgconfig/ros_gz_example_application.pc'
[0.188s] Level 1:colcon.colcon_core.environment:checking '/home/trickfire/gazebo-simulations/Robot-sim-template/install/ros_gz_example_application/lib/python3.10/site-packages'
[0.188s] Level 1:colcon.colcon_core.environment:checking '/home/trickfire/gazebo-simulations/Robot-sim-template/install/ros_gz_example_application/bin'
[0.188s] INFO:colcon.colcon_core.shell:Creating package script '/home/trickfire/gazebo-simulations/Robot-sim-template/install/ros_gz_example_application/share/ros_gz_example_application/package.ps1'
[0.188s] INFO:colcon.colcon_core.shell:Creating package descriptor '/home/trickfire/gazebo-simulations/Robot-sim-template/install/ros_gz_example_application/share/ros_gz_example_application/package.dsv'
[0.189s] INFO:colcon.colcon_core.shell:Creating package script '/home/trickfire/gazebo-simulations/Robot-sim-template/install/ros_gz_example_application/share/ros_gz_example_application/package.sh'
[0.189s] INFO:colcon.colcon_core.shell:Creating package script '/home/trickfire/gazebo-simulations/Robot-sim-template/install/ros_gz_example_application/share/ros_gz_example_application/package.bash'
[0.189s] INFO:colcon.colcon_core.shell:Creating package script '/home/trickfire/gazebo-simulations/Robot-sim-template/install/ros_gz_example_application/share/ros_gz_example_application/package.zsh'
[0.189s] Level 1:colcon.colcon_core.environment:create_file_with_runtime_dependencies(/home/trickfire/gazebo-simulations/Robot-sim-template/install/ros_gz_example_application/share/colcon-core/packages/ros_gz_example_application)
[0.190s] Level 1:colcon.colcon_core.environment:create_environment_scripts_only(ros_gz_example_description)
[0.190s] Level 1:colcon.colcon_core.environment:checking '/home/trickfire/gazebo-simulations/Robot-sim-template/install/ros_gz_example_description' for CMake module files
[0.191s] DEBUG:colcon.colcon_core.event_handler.log_command:Invoked command in '/home/trickfire/gazebo-simulations/Robot-sim-template/build/ros_gz_example_description' returned '0': CMAKE_PREFIX_PATH=/opt/ros/humble /usr/bin/cmake --install /home/trickfire/gazebo-simulations/Robot-sim-template/build/ros_gz_example_description
[0.192s] Level 1:colcon.colcon_core.environment:checking '/home/trickfire/gazebo-simulations/Robot-sim-template/install/ros_gz_example_description' for CMake config files
[0.193s] Level 1:colcon.colcon_core.shell:create_environment_hook('ros_gz_example_description', 'cmake_prefix_path')
[0.193s] INFO:colcon.colcon_core.shell:Creating environment hook '/home/trickfire/gazebo-simulations/Robot-sim-template/install/ros_gz_example_description/share/ros_gz_example_description/hook/cmake_prefix_path.ps1'
[0.193s] INFO:colcon.colcon_core.shell:Creating environment descriptor '/home/trickfire/gazebo-simulations/Robot-sim-template/install/ros_gz_example_description/share/ros_gz_example_description/hook/cmake_prefix_path.dsv'
[0.194s] INFO:colcon.colcon_core.shell:Creating environment hook '/home/trickfire/gazebo-simulations/Robot-sim-template/install/ros_gz_example_description/share/ros_gz_example_description/hook/cmake_prefix_path.sh'
[0.195s] Level 1:colcon.colcon_core.environment:checking '/home/trickfire/gazebo-simulations/Robot-sim-template/install/ros_gz_example_description/bin'
[0.195s] Level 1:colcon.colcon_core.environment:checking '/home/trickfire/gazebo-simulations/Robot-sim-template/install/ros_gz_example_description/lib/pkgconfig/ros_gz_example_description.pc'
[0.195s] Level 1:colcon.colcon_core.environment:checking '/home/trickfire/gazebo-simulations/Robot-sim-template/install/ros_gz_example_description/lib/python3.10/site-packages'
[0.195s] Level 1:colcon.colcon_core.environment:checking '/home/trickfire/gazebo-simulations/Robot-sim-template/install/ros_gz_example_description/bin'
[0.195s] INFO:colcon.colcon_core.shell:Creating package script '/home/trickfire/gazebo-simulations/Robot-sim-template/install/ros_gz_example_description/share/ros_gz_example_description/package.ps1'
[0.196s] INFO:colcon.colcon_core.shell:Creating package descriptor '/home/trickfire/gazebo-simulations/Robot-sim-template/install/ros_gz_example_description/share/ros_gz_example_description/package.dsv'
[0.196s] INFO:colcon.colcon_core.shell:Creating package script '/home/trickfire/gazebo-simulations/Robot-sim-template/install/ros_gz_example_description/share/ros_gz_example_description/package.sh'
[0.196s] INFO:colcon.colcon_core.shell:Creating package script '/home/trickfire/gazebo-simulations/Robot-sim-template/install/ros_gz_example_description/share/ros_gz_example_description/package.bash'
[0.196s] INFO:colcon.colcon_core.shell:Creating package script '/home/trickfire/gazebo-simulations/Robot-sim-template/install/ros_gz_example_description/share/ros_gz_example_description/package.zsh'
[0.197s] Level 1:colcon.colcon_core.environment:create_file_with_runtime_dependencies(/home/trickfire/gazebo-simulations/Robot-sim-template/install/ros_gz_example_description/share/colcon-core/packages/ros_gz_example_description)
[0.197s] Level 1:colcon.colcon_core.environment:create_environment_scripts_only(ros_gz_example_description)
[0.197s] Level 1:colcon.colcon_core.environment:checking '/home/trickfire/gazebo-simulations/Robot-sim-template/install/ros_gz_example_description' for CMake module files
[0.199s] Level 1:colcon.colcon_core.environment:checking '/home/trickfire/gazebo-simulations/Robot-sim-template/install/ros_gz_example_description' for CMake config files
[0.199s] Level 1:colcon.colcon_core.shell:create_environment_hook('ros_gz_example_description', 'cmake_prefix_path')
[0.199s] INFO:colcon.colcon_core.shell:Creating environment hook '/home/trickfire/gazebo-simulations/Robot-sim-template/install/ros_gz_example_description/share/ros_gz_example_description/hook/cmake_prefix_path.ps1'
[0.200s] INFO:colcon.colcon_core.shell:Creating environment descriptor '/home/trickfire/gazebo-simulations/Robot-sim-template/install/ros_gz_example_description/share/ros_gz_example_description/hook/cmake_prefix_path.dsv'
[0.200s] INFO:colcon.colcon_core.shell:Creating environment hook '/home/trickfire/gazebo-simulations/Robot-sim-template/install/ros_gz_example_description/share/ros_gz_example_description/hook/cmake_prefix_path.sh'
[0.201s] Level 1:colcon.colcon_core.environment:checking '/home/trickfire/gazebo-simulations/Robot-sim-template/install/ros_gz_example_description/bin'
[0.201s] Level 1:colcon.colcon_core.environment:checking '/home/trickfire/gazebo-simulations/Robot-sim-template/install/ros_gz_example_description/lib/pkgconfig/ros_gz_example_description.pc'
[0.201s] Level 1:colcon.colcon_core.environment:checking '/home/trickfire/gazebo-simulations/Robot-sim-template/install/ros_gz_example_description/lib/python3.10/site-packages'
[0.201s] Level 1:colcon.colcon_core.environment:checking '/home/trickfire/gazebo-simulations/Robot-sim-template/install/ros_gz_example_description/bin'
[0.201s] INFO:colcon.colcon_core.shell:Creating package script '/home/trickfire/gazebo-simulations/Robot-sim-template/install/ros_gz_example_description/share/ros_gz_example_description/package.ps1'
[0.201s] INFO:colcon.colcon_core.shell:Creating package descriptor '/home/trickfire/gazebo-simulations/Robot-sim-template/install/ros_gz_example_description/share/ros_gz_example_description/package.dsv'
[0.202s] INFO:colcon.colcon_core.shell:Creating package script '/home/trickfire/gazebo-simulations/Robot-sim-template/install/ros_gz_example_description/share/ros_gz_example_description/package.sh'
[0.202s] INFO:colcon.colcon_core.shell:Creating package script '/home/trickfire/gazebo-simulations/Robot-sim-template/install/ros_gz_example_description/share/ros_gz_example_description/package.bash'
[0.202s] INFO:colcon.colcon_core.shell:Creating package script '/home/trickfire/gazebo-simulations/Robot-sim-template/install/ros_gz_example_description/share/ros_gz_example_description/package.zsh'
[0.202s] Level 1:colcon.colcon_core.environment:create_file_with_runtime_dependencies(/home/trickfire/gazebo-simulations/Robot-sim-template/install/ros_gz_example_description/share/colcon-core/packages/ros_gz_example_description)
[0.203s] INFO:colcon.colcon_ros.task.ament_cmake.build:Building ROS package in '/home/trickfire/gazebo-simulations/Robot-sim-template/ros_gz_example_gazebo' with build type 'ament_cmake'
[0.203s] INFO:colcon.colcon_cmake.task.cmake.build:Building CMake package in '/home/trickfire/gazebo-simulations/Robot-sim-template/ros_gz_example_gazebo'
[0.203s] INFO:colcon.colcon_core.shell:Skip shell extension 'powershell' for command environment: Not usable outside of PowerShell
[0.203s] DEBUG:colcon.colcon_core.shell:Skip shell extension 'dsv' for command environment
[0.209s] DEBUG:colcon.colcon_core.event_handler.log_command:Invoking command in '/home/trickfire/gazebo-simulations/Robot-sim-template/build/ros_gz_example_gazebo': AMENT_PREFIX_PATH=/home/trickfire/gazebo-simulations/Robot-sim-template/install/ros_gz_example_description:${AMENT_PREFIX_PATH} CMAKE_PREFIX_PATH=/home/trickfire/gazebo-simulations/Robot-sim-template/install/ros_gz_example_description:/opt/ros/humble GZ_SIM_RESOURCE_PATH=/home/trickfire/gazebo-simulations/Robot-sim-template/install/ros_gz_example_description/share/ros_gz_example_description/models /usr/bin/cmake /home/trickfire/gazebo-simulations/Robot-sim-template/ros_gz_example_gazebo -DBUILD_TESTING=ON -DCMAKE_INSTALL_PREFIX=/home/trickfire/gazebo-simulations/Robot-sim-template/install/ros_gz_example_gazebo
[0.307s] DEBUG:colcon.colcon_core.event_handler.log_command:Invoked command in '/home/trickfire/gazebo-simulations/Robot-sim-template/build/ros_gz_example_gazebo' returned '1': AMENT_PREFIX_PATH=/home/trickfire/gazebo-simulations/Robot-sim-template/install/ros_gz_example_description:${AMENT_PREFIX_PATH} CMAKE_PREFIX_PATH=/home/trickfire/gazebo-simulations/Robot-sim-template/install/ros_gz_example_description:/opt/ros/humble GZ_SIM_RESOURCE_PATH=/home/trickfire/gazebo-simulations/Robot-sim-template/install/ros_gz_example_description/share/ros_gz_example_description/models /usr/bin/cmake /home/trickfire/gazebo-simulations/Robot-sim-template/ros_gz_example_gazebo -DBUILD_TESTING=ON -DCMAKE_INSTALL_PREFIX=/home/trickfire/gazebo-simulations/Robot-sim-template/install/ros_gz_example_gazebo
[0.310s] Level 1:colcon.colcon_core.environment:create_environment_scripts_only(ros_gz_example_gazebo)
[0.311s] Level 1:colcon.colcon_core.environment:checking '/home/trickfire/gazebo-simulations/Robot-sim-template/install/ros_gz_example_gazebo' for CMake module files
[0.312s] Level 1:colcon.colcon_core.environment:checking '/home/trickfire/gazebo-simulations/Robot-sim-template/install/ros_gz_example_gazebo' for CMake config files
[0.313s] Level 1:colcon.colcon_core.environment:checking '/home/trickfire/gazebo-simulations/Robot-sim-template/install/ros_gz_example_gazebo/bin'
[0.313s] Level 1:colcon.colcon_core.environment:checking '/home/trickfire/gazebo-simulations/Robot-sim-template/install/ros_gz_example_gazebo/lib/pkgconfig/ros_gz_example_gazebo.pc'
[0.313s] Level 1:colcon.colcon_core.environment:checking '/home/trickfire/gazebo-simulations/Robot-sim-template/install/ros_gz_example_gazebo/lib/python3.10/site-packages'
[0.314s] Level 1:colcon.colcon_core.environment:checking '/home/trickfire/gazebo-simulations/Robot-sim-template/install/ros_gz_example_gazebo/bin'
[0.314s] INFO:colcon.colcon_core.shell:Creating package script '/home/trickfire/gazebo-simulations/Robot-sim-template/install/ros_gz_example_gazebo/share/ros_gz_example_gazebo/package.ps1'
[0.314s] INFO:colcon.colcon_core.shell:Creating package descriptor '/home/trickfire/gazebo-simulations/Robot-sim-template/install/ros_gz_example_gazebo/share/ros_gz_example_gazebo/package.dsv'
[0.314s] INFO:colcon.colcon_core.shell:Creating package script '/home/trickfire/gazebo-simulations/Robot-sim-template/install/ros_gz_example_gazebo/share/ros_gz_example_gazebo/package.sh'
[0.315s] INFO:colcon.colcon_core.shell:Creating package script '/home/trickfire/gazebo-simulations/Robot-sim-template/install/ros_gz_example_gazebo/share/ros_gz_example_gazebo/package.bash'
[0.315s] INFO:colcon.colcon_core.shell:Creating package script '/home/trickfire/gazebo-simulations/Robot-sim-template/install/ros_gz_example_gazebo/share/ros_gz_example_gazebo/package.zsh'
[0.315s] Level 1:colcon.colcon_core.environment:create_file_with_runtime_dependencies(/home/trickfire/gazebo-simulations/Robot-sim-template/install/ros_gz_example_gazebo/share/colcon-core/packages/ros_gz_example_gazebo)
[0.316s] DEBUG:colcon.colcon_parallel_executor.executor.parallel:closing loop
[0.316s] DEBUG:colcon.colcon_parallel_executor.executor.parallel:loop closed
[0.316s] DEBUG:colcon.colcon_parallel_executor.executor.parallel:run_until_complete finished with '1'
[0.316s] DEBUG:colcon.colcon_core.event_reactor:joining thread
[0.320s] INFO:colcon.colcon_core.plugin_system:Skipping extension 'colcon_notification.desktop_notification.notify_send': Could not find 'notify-send'
[0.320s] INFO:colcon.colcon_core.plugin_system:Skipping extension 'colcon_notification.desktop_notification.terminal_notifier': Not used on non-Darwin systems
[0.320s] INFO:colcon.colcon_core.plugin_system:Skipping extension 'colcon_notification.desktop_notification.win32': Not used on non-Windows systems
[0.320s] INFO:colcon.colcon_notification.desktop_notification:Sending desktop notification using 'notify2'
[0.321s] DEBUG:colcon.colcon_notification.desktop_notification.notify2:Failed to initialize notify2: org.freedesktop.DBus.Error.Spawn.ExecFailed: /usr/bin/dbus-launch terminated abnormally without any error message
[0.321s] DEBUG:colcon.colcon_core.event_reactor:joined thread
[0.322s] INFO:colcon.colcon_core.shell:Creating prefix script '/home/trickfire/gazebo-simulations/Robot-sim-template/install/local_setup.ps1'
[0.322s] INFO:colcon.colcon_core.shell:Creating prefix util module '/home/trickfire/gazebo-simulations/Robot-sim-template/install/_local_setup_util_ps1.py'
[0.323s] INFO:colcon.colcon_core.shell:Creating prefix chain script '/home/trickfire/gazebo-simulations/Robot-sim-template/install/setup.ps1'
[0.324s] INFO:colcon.colcon_core.shell:Creating prefix script '/home/trickfire/gazebo-simulations/Robot-sim-template/install/local_setup.sh'
[0.325s] INFO:colcon.colcon_core.shell:Creating prefix util module '/home/trickfire/gazebo-simulations/Robot-sim-template/install/_local_setup_util_sh.py'
[0.325s] INFO:colcon.colcon_core.shell:Creating prefix chain script '/home/trickfire/gazebo-simulations/Robot-sim-template/install/setup.sh'
[0.326s] INFO:colcon.colcon_core.shell:Creating prefix script '/home/trickfire/gazebo-simulations/Robot-sim-template/install/local_setup.bash'
[0.327s] INFO:colcon.colcon_core.shell:Creating prefix chain script '/home/trickfire/gazebo-simulations/Robot-sim-template/install/setup.bash'
[0.334s] INFO:colcon.colcon_core.shell:Creating prefix script '/home/trickfire/gazebo-simulations/Robot-sim-template/install/local_setup.zsh'
[0.334s] INFO:colcon.colcon_core.shell:Creating prefix chain script '/home/trickfire/gazebo-simulations/Robot-sim-template/install/setup.zsh'
