[0.012s] Invoking command in '/home/trickfire/gazebo-simulations/Robot-sim-template/build/ros_gz_example_application': CMAKE_PREFIX_PATH=/opt/ros/humble /usr/bin/cmake --build /home/trickfire/gazebo-simulations/Robot-sim-template/build/ros_gz_example_application -- -j10 -l10
[0.028s] Invoked command in '/home/trickfire/gazebo-simulations/Robot-sim-template/build/ros_gz_example_application' returned '0': CMAKE_PREFIX_PATH=/opt/ros/humble /usr/bin/cmake --build /home/trickfire/gazebo-simulations/Robot-sim-template/build/ros_gz_example_application -- -j10 -l10
[0.030s] Invoking command in '/home/trickfire/gazebo-simulations/Robot-sim-template/build/ros_gz_example_application': CMAKE_PREFIX_PATH=/opt/ros/humble /usr/bin/cmake --install /home/trickfire/gazebo-simulations/Robot-sim-template/build/ros_gz_example_application
[0.033s] -- Install configuration: ""
[0.033s] -- Up-to-date: /home/trickfire/gazebo-simulations/Robot-sim-template/install/ros_gz_example_application/share/ament_index/resource_index/package_run_dependencies/ros_gz_example_application
[0.034s] -- Up-to-date: /home/trickfire/gazebo-simulations/Robot-sim-template/install/ros_gz_example_application/share/ament_index/resource_index/parent_prefix_path/ros_gz_example_application
[0.035s] -- Up-to-date: /home/trickfire/gazebo-simulations/Robot-sim-template/install/ros_gz_example_application/share/ros_gz_example_application/environment/ament_prefix_path.sh
[0.036s] -- Up-to-date: /home/trickfire/gazebo-simulations/Robot-sim-template/install/ros_gz_example_application/share/ros_gz_example_application/environment/ament_prefix_path.dsv
[0.037s] -- Up-to-date: /home/trickfire/gazebo-simulations/Robot-sim-template/install/ros_gz_example_application/share/ros_gz_example_application/environment/path.sh
[0.037s] -- Up-to-date: /home/trickfire/gazebo-simulations/Robot-sim-template/install/ros_gz_example_application/share/ros_gz_example_application/environment/path.dsv
[0.038s] -- Up-to-date: /home/trickfire/gazebo-simulations/Robot-sim-template/install/ros_gz_example_application/share/ros_gz_example_application/local_setup.bash
[0.040s] -- Up-to-date: /home/trickfire/gazebo-simulations/Robot-sim-template/install/ros_gz_example_application/share/ros_gz_example_application/local_setup.sh
[0.040s] -- Up-to-date: /home/trickfire/gazebo-simulations/Robot-sim-template/install/ros_gz_example_application/share/ros_gz_example_application/local_setup.zsh
[0.042s] -- Up-to-date: /home/trickfire/gazebo-simulations/Robot-sim-template/install/ros_gz_example_application/share/ros_gz_example_application/local_setup.dsv
[0.044s] -- Installing: /home/trickfire/gazebo-simulations/Robot-sim-template/install/ros_gz_example_application/share/ros_gz_example_application/package.dsv
[0.047s] -- Up-to-date: /home/trickfire/gazebo-simulations/Robot-sim-template/install/ros_gz_example_application/share/ament_index/resource_index/packages/ros_gz_example_application
[0.047s] -- Up-to-date: /home/trickfire/gazebo-simulations/Robot-sim-template/install/ros_gz_example_application/share/ros_gz_example_application/cmake/ros_gz_example_applicationConfig.cmake
[0.047s] -- Up-to-date: /home/trickfire/gazebo-simulations/Robot-sim-template/install/ros_gz_example_application/share/ros_gz_example_application/cmake/ros_gz_example_applicationConfig-version.cmake
[0.047s] -- Up-to-date: /home/trickfire/gazebo-simulations/Robot-sim-template/install/ros_gz_example_application/share/ros_gz_example_application/package.xml
[0.049s] Invoked command in '/home/trickfire/gazebo-simulations/Robot-sim-template/build/ros_gz_example_application' returned '0': CMAKE_PREFIX_PATH=/opt/ros/humble /usr/bin/cmake --install /home/trickfire/gazebo-simulations/Robot-sim-template/build/ros_gz_example_application
