[0.005s] Invoking command in '/home/trickfire/gazebo-simulations/Robot-sim-template/build/ros_gz_example_gazebo': AMENT_PREFIX_PATH=/home/trickfire/gazebo-simulations/Robot-sim-template/install/ros_gz_example_description:${AMENT_PREFIX_PATH} CMAKE_PREFIX_PATH=/home/trickfire/gazebo-simulations/Robot-sim-template/install/ros_gz_example_description:/opt/ros/humble GZ_SIM_RESOURCE_PATH=/home/trickfire/gazebo-simulations/Robot-sim-template/install/ros_gz_example_description/share/ros_gz_example_description/models /usr/bin/cmake /home/trickfire/gazebo-simulations/Robot-sim-template/ros_gz_example_gazebo -DBUILD_TESTING=ON -DCMAKE_INSTALL_PREFIX=/home/trickfire/gazebo-simulations/Robot-sim-template/install/ros_gz_example_gazebo
[0.011s] -- Found ament_cmake: 1.3.12 (/opt/ros/humble/share/ament_cmake/cmake)
[0.061s] -- Found ros_gz_example_description: 0.0.0 (/home/trickfire/gazebo-simulations/Robot-sim-template/install/ros_gz_example_description/share/ros_gz_example_description/cmake)
[0.061s] -- Looking for gz-plugin2 -- found version 2.0.4
[0.061s] -- Searching for dependencies of gz-plugin2
[0.061s] -- Looking for gz-utils2 -- found version 2.2.1
[0.062s] -- Searching for dependencies of gz-utils2
[0.062s] -- Searching for <gz-utils2> component [cli]
[0.062s] -- Looking for gz-utils2-cli -- found version 2.2.1
[0.063s] -- Searching for dependencies of gz-utils2-cli
[0.063s] -- Searching for <gz-plugin2> component [register]
[0.063s] -- Looking for gz-plugin2-register -- found version 2.0.4
[0.064s] -- Searching for dependencies of gz-plugin2-register
[0.064s] -- Looking for gz-common5 -- found version 5.7.1
[0.064s] -- Searching for dependencies of gz-common5
[0.064s] -- Looking for gz-utils2 -- found version 2.2.1
[0.064s] -- Looking for dlfcn.h - found
[0.065s] -- Looking for libdl - found
[0.067s] -- Checking for module 'uuid'
[0.071s] --   Found uuid, version 2.37.2
[0.080s] -- Searching for <gz-common5> component [profiler]
[0.080s] -- Looking for gz-common5-profiler -- found version 5.7.1
[0.081s] -- Searching for dependencies of gz-common5-profiler
[0.083s] -- Looking for gz-sim7 -- found version 7.0.0
[0.083s] -- Searching for dependencies of gz-sim7
[0.085s] -- Looking for sdformat13 -- found version 13.9.0
[0.085s] -- Searching for dependencies of sdformat13
[0.087s] -- Checking for module 'tinyxml2'
[0.090s] --   Found tinyxml2, version 9.0.0
[0.106s] -- Looking for gz-math7 -- found version 7.5.1
[0.107s] -- Searching for dependencies of gz-math7
[0.108s] -- Looking for gz-utils2 -- found version 2.2.1
[0.108s] -- Looking for gz-utils2 -- found version 2.2.1
[0.108s] -- Looking for gz-plugin2 -- found version 2.0.4
[0.108s] -- Searching for dependencies of gz-plugin2
[0.109s] -- Looking for gz-utils2 -- found version 2.2.1
[0.110s] -- Searching for <gz-plugin2> component [loader]
[0.110s] -- Looking for gz-plugin2-loader -- found version 2.0.4
[0.110s] -- Searching for dependencies of gz-plugin2-loader
[0.110s] -- Searching for <gz-plugin2> component [register]
[0.112s] -- Looking for gz-transport12 -- found version 12.2.2
[0.112s] -- Searching for dependencies of gz-transport12
[0.251s] -- Found Protobuf: /usr/lib/aarch64-linux-gnu/libprotobuf.so (found version "3.12.4") 
[0.260s] -- Config-file not installed for ZeroMQ -- checking for pkg-config
[0.262s] -- Checking for module 'libzmq >= 4'
[0.266s] --   Found libzmq , version 4.3.4
[0.276s] -- Found ZeroMQ: TRUE (Required is at least version "4") 
[0.278s] -- Looking for gz-utils2 -- found version 2.2.1
[0.280s] -- Looking for gz-msgs9 -- found version 9.5.1
[0.281s] -- Searching for dependencies of gz-msgs9
[0.292s] -- Looking for gz-math7 -- found version 7.5.1
[0.295s] -- Searching for <gz-transport12> component [log]
[0.297s] -- Looking for gz-transport12-log -- found version 12.2.2
[0.298s] -- Searching for dependencies of gz-transport12-log
[0.298s] -- Looking for gz-msgs9 -- found version 9.5.1
[0.298s] -- Looking for gz-common5 -- found version 5.7.1
[0.298s] -- Searching for dependencies of gz-common5
[0.299s] -- Looking for gz-utils2 -- found version 2.2.1
[0.299s] -- Looking for dlfcn.h - found
[0.299s] -- Looking for libdl - found
[0.301s] -- Searching for <gz-common5> component [profiler]
[0.302s] -- Searching for <gz-common5> component [events]
[0.304s] -- Looking for gz-common5-events -- found version 5.7.1
[0.304s] -- Searching for dependencies of gz-common5-events
[0.305s] -- Looking for gz-math7 -- found version 7.5.1
[0.305s] -- Searching for <gz-common5> component [av]
[0.306s] -- Looking for gz-common5-av -- found version 5.7.1
[0.307s] -- Searching for dependencies of gz-common5-av
[0.308s] -- Checking for module 'libswscale'
[0.312s] --   Found libswscale, version 5.9.100
[0.321s] -- Found SWSCALE: TRUE  
[0.323s] -- Checking for module 'libavdevice >= 56.4.100'
[0.326s] --   Found libavdevice , version 58.13.100
[0.336s] -- Found AVDEVICE: TRUE (Required is at least version "56.4.100") 
[0.338s] -- Checking for module 'libavformat'
[0.341s] --   Found libavformat, version 58.76.100
[0.350s] -- Found AVFORMAT: TRUE  
[0.351s] -- Checking for module 'libavcodec'
[0.354s] --   Found libavcodec, version 58.134.100
[0.364s] -- Found AVCODEC: TRUE  
[0.365s] -- Checking for module 'libavutil'
[0.368s] --   Found libavutil, version 56.70.100
[0.376s] -- Found AVUTIL: TRUE  
[0.379s] -- Looking for gz-fuel_tools8 -- found version 8.2.0
[0.379s] -- Searching for dependencies of gz-fuel_tools8
[0.407s] -- Found CURL: /usr/lib/aarch64-linux-gnu/libcurl.so (found version "7.81.0")  
[0.411s] -- Checking for module 'jsoncpp'
[0.414s] --   Found jsoncpp, version 1.9.5
[0.423s] -- Found JSONCPP: TRUE  
[0.426s] -- Checking for module 'libzip'
[0.429s] --   Found libzip, version 1.7.3
[0.438s] -- Found ZIP: TRUE  
[0.439s] -- Looking for gz-utils2 -- found version 2.2.1
[0.439s] -- Looking for gz-common5 -- found version 5.7.1
[0.440s] -- Searching for dependencies of gz-common5
[0.441s] -- Looking for gz-utils2 -- found version 2.2.1
[0.442s] -- Looking for dlfcn.h - found
[0.442s] -- Looking for libdl - found
[0.442s] -- Searching for <gz-common5> component [testing]
[0.444s] -- Looking for gz-common5-testing -- found version 5.7.1
[0.444s] -- Searching for dependencies of gz-common5-testing
[0.445s] -- Looking for gz-math7 -- found version 7.5.1
[0.445s] -- Looking for gz-msgs9 -- found version 9.5.1
[0.446s] -- Looking for gz-gui7 -- found version 7.2.2
[0.447s] -- Searching for dependencies of gz-gui7
[0.459s] -- Looking for gz-utils2 -- found version 2.2.1
[0.459s] -- Looking for gz-math7 -- found version 7.5.1
[0.459s] -- Looking for gz-common5 -- found version 5.7.1
[0.459s] -- Looking for gz-plugin2 -- found version 2.0.4
[0.459s] -- Looking for gz-transport12 -- found version 12.2.2
[0.461s] -- Looking for gz-rendering7 -- found version 7.5.0
[0.461s] -- Searching for dependencies of gz-rendering7
[0.462s] -- Looking for gz-math7 -- found version 7.5.1
[0.462s] -- Searching for dependencies of gz-math7
[0.462s] -- Looking for gz-utils2 -- found version 2.2.1
[0.462s] -- Searching for <gz-math7> component [eigen3]
[0.463s] -- Looking for gz-math7-eigen3 -- found version 7.5.1
[0.463s] -- Searching for dependencies of gz-math7-eigen3
[0.469s] -- Looking for gz-common5 -- found version 5.7.1
[0.470s] -- Searching for dependencies of gz-common5
[0.471s] -- Looking for gz-utils2 -- found version 2.2.1
[0.471s] -- Looking for dlfcn.h - found
[0.472s] -- Looking for libdl - found
[0.472s] -- Searching for <gz-common5> component [graphics]
[0.474s] -- Looking for gz-common5-graphics -- found version 5.7.1
[0.474s] -- Searching for dependencies of gz-common5-graphics
[0.474s] -- Looking for gz-math7 -- found version 7.5.1
[0.478s] -- Found GzAssimp: TRUE (found version "5.2.0") 
[0.478s] -- Searching for <gz-common5> component [events]
[0.478s] -- Searching for <gz-common5> component [geospatial]
[0.479s] -- Looking for gz-common5-geospatial -- found version 5.7.1
[0.480s] -- Searching for dependencies of gz-common5-geospatial
[0.480s] -- Looking for gz-math7 -- found version 7.5.1
[0.480s] -- Looking for gz-common5 -- found version 5.7.1
[0.481s] -- Looking for gz-plugin2 -- found version 2.0.4
[0.481s] -- Searching for dependencies of gz-plugin2
[0.482s] -- Looking for gz-utils2 -- found version 2.2.1
[0.483s] -- Searching for <gz-plugin2> component [all]
[0.483s] -- Looking for all libraries of gz-plugin2 -- found version 2.0.4
[0.483s] -- Looking for gz-plugin2 -- found version 2.0.4
[0.484s] -- Looking for gz-utils2 -- found version 2.2.1
[0.487s] -- Found OpenGL: /usr/lib/aarch64-linux-gnu/libGL.so  found components: OpenGL 
[0.487s] -- Looking for gz-msgs9 -- found version 9.5.1
[0.500s] -- Looking for gz-physics6 -- found version 6.7.0
[0.500s] -- Searching for dependencies of gz-physics6
[0.501s] -- Looking for gz-common5 -- found version 5.7.1
[0.501s] -- Looking for gz-math7 -- found version 7.5.1
[0.501s] -- Looking for gz-plugin2 -- found version 2.0.4
[0.501s] -- Looking for gz-utils2 -- found version 2.2.1
[0.501s] -- Searching for <gz-physics6> component [heightmap]
[0.502s] -- Looking for gz-physics6-heightmap -- found version 6.7.0
[0.503s] -- Searching for dependencies of gz-physics6-heightmap
[0.503s] -- Looking for gz-common5 -- found version 5.7.1
[0.503s] -- Searching for <gz-physics6> component [mesh]
[0.504s] -- Looking for gz-physics6-mesh -- found version 6.7.0
[0.504s] -- Searching for dependencies of gz-physics6-mesh
[0.505s] -- Looking for gz-common5 -- found version 5.7.1
[0.505s] -- Searching for <gz-physics6> component [sdf]
[0.506s] -- Looking for gz-physics6-sdf -- found version 6.7.0
[0.506s] -- Searching for dependencies of gz-physics6-sdf
[0.507s] -- Looking for sdformat13 -- found version 13.9.0
[0.508s] -- Looking for gz-sensors7 -- found version 7.3.1
[0.508s] -- Searching for dependencies of gz-sensors7
[0.519s] -- Looking for gz-math7 -- found version 7.5.1
[0.519s] -- Looking for gz-common5 -- found version 5.7.1
[0.520s] -- Looking for gz-transport12 -- found version 12.2.2
[0.520s] -- Looking for gz-rendering7 -- found version 7.5.0
[0.520s] -- Looking for gz-msgs9 -- found version 9.5.1
[0.520s] -- Looking for sdformat13 -- found version 13.9.0
[0.521s] -- Searching for <gz-sensors7> component [air_pressure]
[0.521s] -- Looking for gz-sensors7-air_pressure -- found version 7.3.1
[0.522s] -- Searching for dependencies of gz-sensors7-air_pressure
[0.522s] -- Searching for <gz-sensors7> component [altimeter]
[0.523s] -- Looking for gz-sensors7-altimeter -- found version 7.3.1
[0.523s] -- Searching for dependencies of gz-sensors7-altimeter
[0.524s] -- Searching for <gz-sensors7> component [imu]
[0.525s] -- Looking for gz-sensors7-imu -- found version 7.3.1
[0.525s] -- Searching for dependencies of gz-sensors7-imu
[0.525s] -- Searching for <gz-sensors7> component [force_torque]
[0.527s] -- Looking for gz-sensors7-force_torque -- found version 7.3.1
[0.527s] -- Searching for dependencies of gz-sensors7-force_torque
[0.527s] -- Searching for <gz-sensors7> component [logical_camera]
[0.529s] -- Looking for gz-sensors7-logical_camera -- found version 7.3.1
[0.529s] -- Searching for dependencies of gz-sensors7-logical_camera
[0.529s] -- Searching for <gz-sensors7> component [magnetometer]
[0.531s] -- Looking for gz-sensors7-magnetometer -- found version 7.3.1
[0.531s] -- Searching for dependencies of gz-sensors7-magnetometer
[0.531s] -- Searching for <gz-sensors7> component [navsat]
[0.532s] -- Looking for gz-sensors7-navsat -- found version 7.3.1
[0.533s] -- Searching for dependencies of gz-sensors7-navsat
[0.533s] -- Searching for <gz-sensors7> component [rendering]
[0.535s] -- Looking for gz-sensors7-rendering -- found version 7.3.1
[0.535s] -- Searching for dependencies of gz-sensors7-rendering
[0.535s] -- Searching for <gz-sensors7> component [lidar]
[0.537s] -- Looking for gz-sensors7-lidar -- found version 7.3.1
[0.537s] -- Searching for dependencies of gz-sensors7-lidar
[0.537s] -- Looking for gz-sensors7 -- found version 7.3.1
[0.537s] -- Searching for <gz-sensors7> component [gpu_lidar]
[0.539s] -- Looking for gz-sensors7-gpu_lidar -- found version 7.3.1
[0.539s] -- Searching for dependencies of gz-sensors7-gpu_lidar
[0.539s] -- Looking for gz-sensors7 -- found version 7.3.1
[0.539s] -- Searching for <gz-sensors7> component [camera]
[0.541s] -- Looking for gz-sensors7-camera -- found version 7.3.1
[0.541s] -- Searching for dependencies of gz-sensors7-camera
[0.541s] -- Looking for gz-sensors7 -- found version 7.3.1
[0.541s] -- Searching for <gz-sensors7> component [boundingbox_camera]
[0.543s] -- Looking for gz-sensors7-boundingbox_camera -- found version 7.3.1
[0.543s] -- Searching for dependencies of gz-sensors7-boundingbox_camera
[0.543s] -- Searching for <gz-sensors7> component [segmentation_camera]
[0.545s] -- Looking for gz-sensors7-segmentation_camera -- found version 7.3.1
[0.545s] -- Searching for dependencies of gz-sensors7-segmentation_camera
[0.545s] -- Searching for <gz-sensors7> component [depth_camera]
[0.547s] -- Looking for gz-sensors7-depth_camera -- found version 7.3.1
[0.547s] -- Searching for dependencies of gz-sensors7-depth_camera
[0.547s] -- Looking for gz-sensors7 -- found version 7.3.1
[0.547s] -- Searching for <gz-sensors7> component [rgbd_camera]
[0.549s] -- Looking for gz-sensors7-rgbd_camera -- found version 7.3.1
[0.549s] -- Searching for dependencies of gz-sensors7-rgbd_camera
[0.549s] -- Looking for gz-sensors7 -- found version 7.3.1
[0.549s] -- Searching for <gz-sensors7> component [thermal_camera]
[0.551s] -- Looking for gz-sensors7-thermal_camera -- found version 7.3.1
[0.551s] -- Searching for dependencies of gz-sensors7-thermal_camera
[0.551s] -- Looking for gz-sensors7 -- found version 7.3.1
[0.551s] -- Searching for <gz-sensors7> component [wide_angle_camera]
[0.554s] -- Looking for gz-sensors7-wide_angle_camera -- found version 7.3.1
[0.554s] -- Searching for dependencies of gz-sensors7-wide_angle_camera
[0.554s] -- Looking for gz-rendering7 -- found version 7.5.0
[0.554s] -- Looking for gz-math7 -- found version 7.5.1
[0.554s] -- Looking for gz-utils2 -- found version 2.2.1
[0.564s] -- Found Protobuf: /usr/lib/aarch64-linux-gnu/libprotobuf.so (found suitable version "3.12.4", minimum required is "3") 
[0.564s] -- Compiling against Gazebo Garden
[0.566s] -- Found ament_lint_auto: 0.12.14 (/opt/ros/humble/share/ament_lint_auto/cmake)
[0.611s] -- Configuring done
[0.640s] -- Generating done
[0.654s] -- Build files have been written to: /home/trickfire/gazebo-simulations/Robot-sim-template/build/ros_gz_example_gazebo
[0.658s] Invoked command in '/home/trickfire/gazebo-simulations/Robot-sim-template/build/ros_gz_example_gazebo' returned '0': AMENT_PREFIX_PATH=/home/trickfire/gazebo-simulations/Robot-sim-template/install/ros_gz_example_description:${AMENT_PREFIX_PATH} CMAKE_PREFIX_PATH=/home/trickfire/gazebo-simulations/Robot-sim-template/install/ros_gz_example_description:/opt/ros/humble GZ_SIM_RESOURCE_PATH=/home/trickfire/gazebo-simulations/Robot-sim-template/install/ros_gz_example_description/share/ros_gz_example_description/models /usr/bin/cmake /home/trickfire/gazebo-simulations/Robot-sim-template/ros_gz_example_gazebo -DBUILD_TESTING=ON -DCMAKE_INSTALL_PREFIX=/home/trickfire/gazebo-simulations/Robot-sim-template/install/ros_gz_example_gazebo
[0.659s] Invoking command in '/home/trickfire/gazebo-simulations/Robot-sim-template/build/ros_gz_example_gazebo': AMENT_PREFIX_PATH=/home/trickfire/gazebo-simulations/Robot-sim-template/install/ros_gz_example_description:${AMENT_PREFIX_PATH} CMAKE_PREFIX_PATH=/home/trickfire/gazebo-simulations/Robot-sim-template/install/ros_gz_example_description:/opt/ros/humble GZ_SIM_RESOURCE_PATH=/home/trickfire/gazebo-simulations/Robot-sim-template/install/ros_gz_example_description/share/ros_gz_example_description/models /usr/bin/cmake --build /home/trickfire/gazebo-simulations/Robot-sim-template/build/ros_gz_example_gazebo -- -j10 -l10
[0.680s] [ 50%] [32mBuilding CXX object CMakeFiles/FullSystem.dir/src/FullSystem.cc.o[0m
[0.680s] [ 50%] [32mBuilding CXX object CMakeFiles/BasicSystem.dir/src/BasicSystem.cc.o[0m
[1.602s] [ 75%] [32m[1mLinking CXX shared library libBasicSystem.so[0m
[1.644s] [100%] [32m[1mLinking CXX shared library libFullSystem.so[0m
[1.679s] [100%] Built target BasicSystem
[1.719s] [100%] Built target FullSystem
[1.724s] Invoked command in '/home/trickfire/gazebo-simulations/Robot-sim-template/build/ros_gz_example_gazebo' returned '0': AMENT_PREFIX_PATH=/home/trickfire/gazebo-simulations/Robot-sim-template/install/ros_gz_example_description:${AMENT_PREFIX_PATH} CMAKE_PREFIX_PATH=/home/trickfire/gazebo-simulations/Robot-sim-template/install/ros_gz_example_description:/opt/ros/humble GZ_SIM_RESOURCE_PATH=/home/trickfire/gazebo-simulations/Robot-sim-template/install/ros_gz_example_description/share/ros_gz_example_description/models /usr/bin/cmake --build /home/trickfire/gazebo-simulations/Robot-sim-template/build/ros_gz_example_gazebo -- -j10 -l10
[1.725s] Invoking command in '/home/trickfire/gazebo-simulations/Robot-sim-template/build/ros_gz_example_gazebo': AMENT_PREFIX_PATH=/home/trickfire/gazebo-simulations/Robot-sim-template/install/ros_gz_example_description:${AMENT_PREFIX_PATH} CMAKE_PREFIX_PATH=/home/trickfire/gazebo-simulations/Robot-sim-template/install/ros_gz_example_description:/opt/ros/humble GZ_SIM_RESOURCE_PATH=/home/trickfire/gazebo-simulations/Robot-sim-template/install/ros_gz_example_description/share/ros_gz_example_description/models /usr/bin/cmake --install /home/trickfire/gazebo-simulations/Robot-sim-template/build/ros_gz_example_gazebo
[1.728s] -- Install configuration: ""
[1.729s] -- Installing: /home/trickfire/gazebo-simulations/Robot-sim-template/install/ros_gz_example_gazebo/lib/ros_gz_example_gazebo/libBasicSystem.so
[1.732s] -- Installing: /home/trickfire/gazebo-simulations/Robot-sim-template/install/ros_gz_example_gazebo/lib/ros_gz_example_gazebo/libFullSystem.so
[1.736s] -- Installing: /home/trickfire/gazebo-simulations/Robot-sim-template/install/ros_gz_example_gazebo/share/ros_gz_example_gazebo/worlds
[1.737s] -- Installing: /home/trickfire/gazebo-simulations/Robot-sim-template/install/ros_gz_example_gazebo/share/ros_gz_example_gazebo/worlds/diff_drive.sdf
[1.738s] -- Installing: /home/trickfire/gazebo-simulations/Robot-sim-template/install/ros_gz_example_gazebo/share/ros_gz_example_gazebo/environment/ros_gz_example_gazebo.dsv
[1.740s] -- Installing: /home/trickfire/gazebo-simulations/Robot-sim-template/install/ros_gz_example_gazebo/share/ros_gz_example_gazebo/environment/ros_gz_example_gazebo.sh
[1.741s] -- Installing: /home/trickfire/gazebo-simulations/Robot-sim-template/install/ros_gz_example_gazebo/share/ament_index/resource_index/package_run_dependencies/ros_gz_example_gazebo
[1.743s] -- Installing: /home/trickfire/gazebo-simulations/Robot-sim-template/install/ros_gz_example_gazebo/share/ament_index/resource_index/parent_prefix_path/ros_gz_example_gazebo
[1.744s] -- Installing: /home/trickfire/gazebo-simulations/Robot-sim-template/install/ros_gz_example_gazebo/share/ros_gz_example_gazebo/environment/ament_prefix_path.sh
[1.746s] -- Installing: /home/trickfire/gazebo-simulations/Robot-sim-template/install/ros_gz_example_gazebo/share/ros_gz_example_gazebo/environment/ament_prefix_path.dsv
[1.747s] -- Installing: /home/trickfire/gazebo-simulations/Robot-sim-template/install/ros_gz_example_gazebo/share/ros_gz_example_gazebo/environment/path.sh
[1.748s] -- Installing: /home/trickfire/gazebo-simulations/Robot-sim-template/install/ros_gz_example_gazebo/share/ros_gz_example_gazebo/environment/path.dsv
[1.750s] -- Installing: /home/trickfire/gazebo-simulations/Robot-sim-template/install/ros_gz_example_gazebo/share/ros_gz_example_gazebo/local_setup.bash
[1.751s] -- Installing: /home/trickfire/gazebo-simulations/Robot-sim-template/install/ros_gz_example_gazebo/share/ros_gz_example_gazebo/local_setup.sh
[1.753s] -- Installing: /home/trickfire/gazebo-simulations/Robot-sim-template/install/ros_gz_example_gazebo/share/ros_gz_example_gazebo/local_setup.zsh
[1.754s] -- Installing: /home/trickfire/gazebo-simulations/Robot-sim-template/install/ros_gz_example_gazebo/share/ros_gz_example_gazebo/local_setup.dsv
[1.755s] -- Installing: /home/trickfire/gazebo-simulations/Robot-sim-template/install/ros_gz_example_gazebo/share/ros_gz_example_gazebo/package.dsv
[1.757s] -- Installing: /home/trickfire/gazebo-simulations/Robot-sim-template/install/ros_gz_example_gazebo/share/ament_index/resource_index/packages/ros_gz_example_gazebo
[1.758s] -- Installing: /home/trickfire/gazebo-simulations/Robot-sim-template/install/ros_gz_example_gazebo/share/ros_gz_example_gazebo/cmake/ros_gz_example_gazeboConfig.cmake
[1.759s] -- Installing: /home/trickfire/gazebo-simulations/Robot-sim-template/install/ros_gz_example_gazebo/share/ros_gz_example_gazebo/cmake/ros_gz_example_gazeboConfig-version.cmake
[1.760s] -- Installing: /home/trickfire/gazebo-simulations/Robot-sim-template/install/ros_gz_example_gazebo/share/ros_gz_example_gazebo/package.xml
[1.762s] Invoked command in '/home/trickfire/gazebo-simulations/Robot-sim-template/build/ros_gz_example_gazebo' returned '0': AMENT_PREFIX_PATH=/home/trickfire/gazebo-simulations/Robot-sim-template/install/ros_gz_example_description:${AMENT_PREFIX_PATH} CMAKE_PREFIX_PATH=/home/trickfire/gazebo-simulations/Robot-sim-template/install/ros_gz_example_description:/opt/ros/humble GZ_SIM_RESOURCE_PATH=/home/trickfire/gazebo-simulations/Robot-sim-template/install/ros_gz_example_description/share/ros_gz_example_description/models /usr/bin/cmake --install /home/trickfire/gazebo-simulations/Robot-sim-template/build/ros_gz_example_gazebo
