[0.004s] Invoking command in '/home/trickfire/gazebo-simulations/Robot-sim-template/build/ros_gz_example_gazebo': AMENT_PREFIX_PATH=/home/trickfire/gazebo-simulations/Robot-sim-template/install/ros_gz_example_description:${AMENT_PREFIX_PATH} CMAKE_PREFIX_PATH=/home/trickfire/gazebo-simulations/Robot-sim-template/install/ros_gz_example_description:/opt/ros/humble GZ_SIM_RESOURCE_PATH=/home/trickfire/gazebo-simulations/Robot-sim-template/install/ros_gz_example_description/share/ros_gz_example_description/models /usr/bin/cmake /home/trickfire/gazebo-simulations/Robot-sim-template/ros_gz_example_gazebo -DBUILD_TESTING=ON -DCMAKE_INSTALL_PREFIX=/home/trickfire/gazebo-simulations/Robot-sim-template/install/ros_gz_example_gazebo
[0.011s] -- Found ament_cmake: 1.3.12 (/opt/ros/humble/share/ament_cmake/cmake)
[0.061s] -- Found ros_gz_example_description: 0.0.0 (/home/trickfire/gazebo-simulations/Robot-sim-template/install/ros_gz_example_description/share/ros_gz_example_description/cmake)
[0.062s] -- Looking for gz-plugin2 -- found version 2.0.4
[0.062s] -- Searching for dependencies of gz-plugin2
[0.062s] -- Looking for gz-utils2 -- found version 2.2.1
[0.063s] -- Searching for dependencies of gz-utils2
[0.063s] -- Searching for <gz-utils2> component [cli]
[0.063s] -- Looking for gz-utils2-cli -- found version 2.2.1
[0.064s] -- Searching for dependencies of gz-utils2-cli
[0.064s] -- Searching for <gz-plugin2> component [register]
[0.065s] -- Looking for gz-plugin2-register -- found version 2.0.4
[0.065s] -- Searching for dependencies of gz-plugin2-register
[0.065s] -- Looking for gz-common5 -- found version 5.7.1
[0.065s] -- Searching for dependencies of gz-common5
[0.066s] -- Looking for gz-utils2 -- found version 2.2.1
[0.066s] -- Looking for dlfcn.h - found
[0.066s] -- Looking for libdl - found
[0.070s] -- Checking for module 'uuid'
[0.073s] --   Found uuid, version 2.37.2
[0.082s] -- Searching for <gz-common5> component [profiler]
[0.082s] -- Looking for gz-common5-profiler -- found version 5.7.1
[0.082s] -- Searching for dependencies of gz-common5-profiler
[0.089s] [31mCMake Error at CMakeLists.txt:26 (find_package):
[0.090s]   By not providing "Findgz-sim7.cmake" in CMAKE_MODULE_PATH this project has
[0.090s]   asked CMake to find a package configuration file provided by "gz-sim7", but
[0.090s]   CMake did not find one.
[0.091s] 
[0.092s]   Could not find a package configuration file provided by "gz-sim7" with any
[0.092s]   of the following names:
[0.093s] 
[0.093s]     gz-sim7Config.cmake
[0.093s]     gz-sim7-config.cmake
[0.094s] 
[0.094s]   Add the installation prefix of "gz-sim7" to CMAKE_PREFIX_PATH or set
[0.094s]   "gz-sim7_DIR" to a directory containing one of the above files.  If
[0.094s]   "gz-sim7" provides a separate development package or SDK, be sure it has
[0.094s]   been installed.
[0.094s] 
[0.094s] [0m
[0.095s] -- Configuring incomplete, errors occurred!
[0.095s] See also "/home/trickfire/gazebo-simulations/Robot-sim-template/build/ros_gz_example_gazebo/CMakeFiles/CMakeOutput.log".
[0.095s] Invoked command in '/home/trickfire/gazebo-simulations/Robot-sim-template/build/ros_gz_example_gazebo' returned '1': AMENT_PREFIX_PATH=/home/trickfire/gazebo-simulations/Robot-sim-template/install/ros_gz_example_description:${AMENT_PREFIX_PATH} CMAKE_PREFIX_PATH=/home/trickfire/gazebo-simulations/Robot-sim-template/install/ros_gz_example_description:/opt/ros/humble GZ_SIM_RESOURCE_PATH=/home/trickfire/gazebo-simulations/Robot-sim-template/install/ros_gz_example_description/share/ros_gz_example_description/models /usr/bin/cmake /home/trickfire/gazebo-simulations/Robot-sim-template/ros_gz_example_gazebo -DBUILD_TESTING=ON -DCMAKE_INSTALL_PREFIX=/home/trickfire/gazebo-simulations/Robot-sim-template/install/ros_gz_example_gazebo
