[0.006s] Invoking command in '/home/trickfire/gazebo-simulations/Robot-sim-template/build/ros_gz_example_bringup': AMENT_PREFIX_PATH=/home/trickfire/gazebo-simulations/Robot-sim-template/install/ros_gz_example_gazebo:/home/trickfire/gazebo-simulations/Robot-sim-template/install/ros_gz_example_description:${AMENT_PREFIX_PATH} CMAKE_PREFIX_PATH=/home/trickfire/gazebo-simulations/Robot-sim-template/install/ros_gz_example_gazebo:/home/trickfire/gazebo-simulations/Robot-sim-template/install/ros_gz_example_description:/opt/ros/humble GZ_SIM_PLUGIN_PATH=/home/trickfire/gazebo-simulations/Robot-sim-template/install/ros_gz_example_gazebo/lib/ros_gz_example_gazebo GZ_SIM_RESOURCE_PATH=/home/trickfire/gazebo-simulations/Robot-sim-template/install/ros_gz_example_gazebo/share/ros_gz_example_gazebo/worlds:/home/trickfire/gazebo-simulations/Robot-sim-template/install/ros_gz_example_description/share/ros_gz_example_description/models /usr/bin/cmake --build /home/trickfire/gazebo-simulations/Robot-sim-template/build/ros_gz_example_bringup -- -j10 -l10
[0.018s] Invoked command in '/home/trickfire/gazebo-simulations/Robot-sim-template/build/ros_gz_example_bringup' returned '0': AMENT_PREFIX_PATH=/home/trickfire/gazebo-simulations/Robot-sim-template/install/ros_gz_example_gazebo:/home/trickfire/gazebo-simulations/Robot-sim-template/install/ros_gz_example_description:${AMENT_PREFIX_PATH} CMAKE_PREFIX_PATH=/home/trickfire/gazebo-simulations/Robot-sim-template/install/ros_gz_example_gazebo:/home/trickfire/gazebo-simulations/Robot-sim-template/install/ros_gz_example_description:/opt/ros/humble GZ_SIM_PLUGIN_PATH=/home/trickfire/gazebo-simulations/Robot-sim-template/install/ros_gz_example_gazebo/lib/ros_gz_example_gazebo GZ_SIM_RESOURCE_PATH=/home/trickfire/gazebo-simulations/Robot-sim-template/install/ros_gz_example_gazebo/share/ros_gz_example_gazebo/worlds:/home/trickfire/gazebo-simulations/Robot-sim-template/install/ros_gz_example_description/share/ros_gz_example_description/models /usr/bin/cmake --build /home/trickfire/gazebo-simulations/Robot-sim-template/build/ros_gz_example_bringup -- -j10 -l10
[0.019s] Invoking command in '/home/trickfire/gazebo-simulations/Robot-sim-template/build/ros_gz_example_bringup': AMENT_PREFIX_PATH=/home/trickfire/gazebo-simulations/Robot-sim-template/install/ros_gz_example_gazebo:/home/trickfire/gazebo-simulations/Robot-sim-template/install/ros_gz_example_description:${AMENT_PREFIX_PATH} CMAKE_PREFIX_PATH=/home/trickfire/gazebo-simulations/Robot-sim-template/install/ros_gz_example_gazebo:/home/trickfire/gazebo-simulations/Robot-sim-template/install/ros_gz_example_description:/opt/ros/humble GZ_SIM_PLUGIN_PATH=/home/trickfire/gazebo-simulations/Robot-sim-template/install/ros_gz_example_gazebo/lib/ros_gz_example_gazebo GZ_SIM_RESOURCE_PATH=/home/trickfire/gazebo-simulations/Robot-sim-template/install/ros_gz_example_gazebo/share/ros_gz_example_gazebo/worlds:/home/trickfire/gazebo-simulations/Robot-sim-template/install/ros_gz_example_description/share/ros_gz_example_description/models /usr/bin/cmake --install /home/trickfire/gazebo-simulations/Robot-sim-template/build/ros_gz_example_bringup
[0.021s] -- Install configuration: ""
[0.021s] -- Up-to-date: /home/trickfire/gazebo-simulations/Robot-sim-template/install/ros_gz_example_bringup/share/ros_gz_example_bringup/launch
[0.021s] -- Up-to-date: /home/trickfire/gazebo-simulations/Robot-sim-template/install/ros_gz_example_bringup/share/ros_gz_example_bringup/launch/rrbot_setup.launch.py
[0.022s] -- Up-to-date: /home/trickfire/gazebo-simulations/Robot-sim-template/install/ros_gz_example_bringup/share/ros_gz_example_bringup/launch/diff_drive.launch.py
[0.022s] -- Up-to-date: /home/trickfire/gazebo-simulations/Robot-sim-template/install/ros_gz_example_bringup/share/ros_gz_example_bringup/config
[0.022s] -- Up-to-date: /home/trickfire/gazebo-simulations/Robot-sim-template/install/ros_gz_example_bringup/share/ros_gz_example_bringup/config/ros_gz_example_bridge.yaml
[0.022s] -- Up-to-date: /home/trickfire/gazebo-simulations/Robot-sim-template/install/ros_gz_example_bringup/share/ros_gz_example_bringup/config/diff_drive.rviz
[0.022s] -- Up-to-date: /home/trickfire/gazebo-simulations/Robot-sim-template/install/ros_gz_example_bringup/share/ros_gz_example_bringup/config/rrbot.rviz
[0.023s] -- Up-to-date: /home/trickfire/gazebo-simulations/Robot-sim-template/install/ros_gz_example_bringup/share/ament_index/resource_index/package_run_dependencies/ros_gz_example_bringup
[0.023s] -- Up-to-date: /home/trickfire/gazebo-simulations/Robot-sim-template/install/ros_gz_example_bringup/share/ament_index/resource_index/parent_prefix_path/ros_gz_example_bringup
[0.023s] -- Up-to-date: /home/trickfire/gazebo-simulations/Robot-sim-template/install/ros_gz_example_bringup/share/ros_gz_example_bringup/environment/ament_prefix_path.sh
[0.023s] -- Up-to-date: /home/trickfire/gazebo-simulations/Robot-sim-template/install/ros_gz_example_bringup/share/ros_gz_example_bringup/environment/ament_prefix_path.dsv
[0.023s] -- Up-to-date: /home/trickfire/gazebo-simulations/Robot-sim-template/install/ros_gz_example_bringup/share/ros_gz_example_bringup/environment/path.sh
[0.024s] -- Up-to-date: /home/trickfire/gazebo-simulations/Robot-sim-template/install/ros_gz_example_bringup/share/ros_gz_example_bringup/environment/path.dsv
[0.024s] -- Up-to-date: /home/trickfire/gazebo-simulations/Robot-sim-template/install/ros_gz_example_bringup/share/ros_gz_example_bringup/local_setup.bash
[0.024s] -- Up-to-date: /home/trickfire/gazebo-simulations/Robot-sim-template/install/ros_gz_example_bringup/share/ros_gz_example_bringup/local_setup.sh
[0.024s] -- Up-to-date: /home/trickfire/gazebo-simulations/Robot-sim-template/install/ros_gz_example_bringup/share/ros_gz_example_bringup/local_setup.zsh
[0.025s] -- Up-to-date: /home/trickfire/gazebo-simulations/Robot-sim-template/install/ros_gz_example_bringup/share/ros_gz_example_bringup/local_setup.dsv
[0.025s] -- Up-to-date: /home/trickfire/gazebo-simulations/Robot-sim-template/install/ros_gz_example_bringup/share/ros_gz_example_bringup/package.dsv
[0.025s] -- Up-to-date: /home/trickfire/gazebo-simulations/Robot-sim-template/install/ros_gz_example_bringup/share/ament_index/resource_index/packages/ros_gz_example_bringup
[0.025s] -- Up-to-date: /home/trickfire/gazebo-simulations/Robot-sim-template/install/ros_gz_example_bringup/share/ros_gz_example_bringup/cmake/ros_gz_example_bringupConfig.cmake
[0.026s] -- Up-to-date: /home/trickfire/gazebo-simulations/Robot-sim-template/install/ros_gz_example_bringup/share/ros_gz_example_bringup/cmake/ros_gz_example_bringupConfig-version.cmake
[0.026s] -- Up-to-date: /home/trickfire/gazebo-simulations/Robot-sim-template/install/ros_gz_example_bringup/share/ros_gz_example_bringup/package.xml
[0.027s] Invoked command in '/home/trickfire/gazebo-simulations/Robot-sim-template/build/ros_gz_example_bringup' returned '0': AMENT_PREFIX_PATH=/home/trickfire/gazebo-simulations/Robot-sim-template/install/ros_gz_example_gazebo:/home/trickfire/gazebo-simulations/Robot-sim-template/install/ros_gz_example_description:${AMENT_PREFIX_PATH} CMAKE_PREFIX_PATH=/home/trickfire/gazebo-simulations/Robot-sim-template/install/ros_gz_example_gazebo:/home/trickfire/gazebo-simulations/Robot-sim-template/install/ros_gz_example_description:/opt/ros/humble GZ_SIM_PLUGIN_PATH=/home/trickfire/gazebo-simulations/Robot-sim-template/install/ros_gz_example_gazebo/lib/ros_gz_example_gazebo GZ_SIM_RESOURCE_PATH=/home/trickfire/gazebo-simulations/Robot-sim-template/install/ros_gz_example_gazebo/share/ros_gz_example_gazebo/worlds:/home/trickfire/gazebo-simulations/Robot-sim-template/install/ros_gz_example_description/share/ros_gz_example_description/models /usr/bin/cmake --install /home/trickfire/gazebo-simulations/Robot-sim-template/build/ros_gz_example_bringup
