-- Found ament_cmake: 1.3.12 (/opt/ros/humble/share/ament_cmake/cmake)
-- Found ros_gz_example_description: 0.0.0 (/home/trickfire/gazebo-simulations/Robot-sim-template/install/ros_gz_example_description/share/ros_gz_example_description/cmake)
-- Looking for gz-plugin2 -- found version 2.0.4
-- Searching for dependencies of gz-plugin2
-- Looking for gz-utils2 -- found version 2.2.1
-- Searching for dependencies of gz-utils2
-- Searching for <gz-utils2> component [cli]
-- Looking for gz-utils2-cli -- found version 2.2.1
-- Searching for dependencies of gz-utils2-cli
-- Searching for <gz-plugin2> component [register]
-- Looking for gz-plugin2-register -- found version 2.0.4
-- Searching for dependencies of gz-plugin2-register
[31mCMake Error at CMakeLists.txt:16 (find_package):
  By not providing "Findgz-common5.cmake" in CMAKE_MODULE_PATH this project
  has asked CMake to find a package configuration file provided by
  "gz-common5", but CMake did not find one.

  Could not find a package configuration file provided by "gz-common5" with
  any of the following names:

    gz-common5Config.cmake
    gz-common5-config.cmake

  Add the installation prefix of "gz-common5" to CMAKE_PREFIX_PATH or set
  "gz-common5_DIR" to a directory containing one of the above files.  If
  "gz-common5" provides a separate development package or SDK, be sure it has
  been installed.

[0m
-- Configuring incomplete, errors occurred!
See also "/home/trickfire/gazebo-simulations/Robot-sim-template/build/ros_gz_example_gazebo/CMakeFiles/CMakeOutput.log".
