[0.005s] Invoking command in '/home/trickfire/gazebo-simulations/Robot-sim-template/build/ros_gz_example_gazebo': AMENT_PREFIX_PATH=/home/trickfire/gazebo-simulations/Robot-sim-template/install/ros_gz_example_description:${AMENT_PREFIX_PATH} CMAKE_PREFIX_PATH=/home/trickfire/gazebo-simulations/Robot-sim-template/install/ros_gz_example_description:/opt/ros/humble GZ_SIM_RESOURCE_PATH=/home/trickfire/gazebo-simulations/Robot-sim-template/install/ros_gz_example_description/share/ros_gz_example_description/models /usr/bin/cmake /home/trickfire/gazebo-simulations/Robot-sim-template/ros_gz_example_gazebo -DBUILD_TESTING=ON -DCMAKE_INSTALL_PREFIX=/home/trickfire/gazebo-simulations/Robot-sim-template/install/ros_gz_example_gazebo
[0.011s] -- Found ament_cmake: 1.3.12 (/opt/ros/humble/share/ament_cmake/cmake)
[0.061s] -- Found ros_gz_example_description: 0.0.0 (/home/trickfire/gazebo-simulations/Robot-sim-template/install/ros_gz_example_description/share/ros_gz_example_description/cmake)
[0.064s] -- Looking for gz-plugin2 -- found version 2.0.4
[0.064s] -- Searching for dependencies of gz-plugin2
[0.066s] -- Looking for gz-utils2 -- found version 2.2.1
[0.067s] -- Searching for dependencies of gz-utils2
[0.067s] -- Searching for <gz-utils2> component [cli]
[0.069s] -- Looking for gz-utils2-cli -- found version 2.2.1
[0.069s] -- Searching for dependencies of gz-utils2-cli
[0.069s] -- Searching for <gz-plugin2> component [register]
[0.071s] -- Looking for gz-plugin2-register -- found version 2.0.4
[0.071s] -- Searching for dependencies of gz-plugin2-register
[0.078s] [31mCMake Error at CMakeLists.txt:16 (find_package):
[0.078s]   By not providing "Findgz-common5.cmake" in CMAKE_MODULE_PATH this project
[0.079s]   has asked CMake to find a package configuration file provided by
[0.079s]   "gz-common5", but CMake did not find one.
[0.080s] 
[0.081s]   Could not find a package configuration file provided by "gz-common5" with
[0.081s]   any of the following names:
[0.081s] 
[0.081s]     gz-common5Config.cmake
[0.082s]     gz-common5-config.cmake
[0.082s] 
[0.082s]   Add the installation prefix of "gz-common5" to CMAKE_PREFIX_PATH or set
[0.083s]   "gz-common5_DIR" to a directory containing one of the above files.  If
[0.083s]   "gz-common5" provides a separate development package or SDK, be sure it has
[0.083s]   been installed.
[0.083s] 
[0.083s] [0m
[0.083s] -- Configuring incomplete, errors occurred!
[0.083s] See also "/home/trickfire/gazebo-simulations/Robot-sim-template/build/ros_gz_example_gazebo/CMakeFiles/CMakeOutput.log".
[0.084s] Invoked command in '/home/trickfire/gazebo-simulations/Robot-sim-template/build/ros_gz_example_gazebo' returned '1': AMENT_PREFIX_PATH=/home/trickfire/gazebo-simulations/Robot-sim-template/install/ros_gz_example_description:${AMENT_PREFIX_PATH} CMAKE_PREFIX_PATH=/home/trickfire/gazebo-simulations/Robot-sim-template/install/ros_gz_example_description:/opt/ros/humble GZ_SIM_RESOURCE_PATH=/home/trickfire/gazebo-simulations/Robot-sim-template/install/ros_gz_example_description/share/ros_gz_example_description/models /usr/bin/cmake /home/trickfire/gazebo-simulations/Robot-sim-template/ros_gz_example_gazebo -DBUILD_TESTING=ON -DCMAKE_INSTALL_PREFIX=/home/trickfire/gazebo-simulations/Robot-sim-template/install/ros_gz_example_gazebo
