[0.020s] Invoking command in '/home/trickfire/gazebo-simulations/Robot-sim-template/build/ros_gz_example_gazebo': AMENT_PREFIX_PATH=/home/trickfire/gazebo-simulations/Robot-sim-template/install/ros_gz_example_description:${AMENT_PREFIX_PATH} CMAKE_PREFIX_PATH=/home/trickfire/gazebo-simulations/Robot-sim-template/install/ros_gz_example_description:/opt/ros/humble GZ_SIM_RESOURCE_PATH=/home/trickfire/gazebo-simulations/Robot-sim-template/install/ros_gz_example_description/share/ros_gz_example_description/models /usr/bin/cmake --build /home/trickfire/gazebo-simulations/Robot-sim-template/build/ros_gz_example_gazebo -- -j10 -l10
[0.041s] [35m[1mConsolidate compiler generated dependencies of target BasicSystem[0m
[0.041s] [35m[1mConsolidate compiler generated dependencies of target FullSystem[0m
[0.085s] [ 50%] Built target BasicSystem
[0.093s] [100%] Built target FullSystem
[0.096s] Invoked command in '/home/trickfire/gazebo-simulations/Robot-sim-template/build/ros_gz_example_gazebo' returned '0': AMENT_PREFIX_PATH=/home/trickfire/gazebo-simulations/Robot-sim-template/install/ros_gz_example_description:${AMENT_PREFIX_PATH} CMAKE_PREFIX_PATH=/home/trickfire/gazebo-simulations/Robot-sim-template/install/ros_gz_example_description:/opt/ros/humble GZ_SIM_RESOURCE_PATH=/home/trickfire/gazebo-simulations/Robot-sim-template/install/ros_gz_example_description/share/ros_gz_example_description/models /usr/bin/cmake --build /home/trickfire/gazebo-simulations/Robot-sim-template/build/ros_gz_example_gazebo -- -j10 -l10
[0.098s] Invoking command in '/home/trickfire/gazebo-simulations/Robot-sim-template/build/ros_gz_example_gazebo': AMENT_PREFIX_PATH=/home/trickfire/gazebo-simulations/Robot-sim-template/install/ros_gz_example_description:${AMENT_PREFIX_PATH} CMAKE_PREFIX_PATH=/home/trickfire/gazebo-simulations/Robot-sim-template/install/ros_gz_example_description:/opt/ros/humble GZ_SIM_RESOURCE_PATH=/home/trickfire/gazebo-simulations/Robot-sim-template/install/ros_gz_example_description/share/ros_gz_example_description/models /usr/bin/cmake --install /home/trickfire/gazebo-simulations/Robot-sim-template/build/ros_gz_example_gazebo
[0.101s] -- Install configuration: ""
[0.101s] -- Up-to-date: /home/trickfire/gazebo-simulations/Robot-sim-template/install/ros_gz_example_gazebo/lib/ros_gz_example_gazebo/libBasicSystem.so
[0.102s] -- Up-to-date: /home/trickfire/gazebo-simulations/Robot-sim-template/install/ros_gz_example_gazebo/lib/ros_gz_example_gazebo/libFullSystem.so
[0.102s] -- Up-to-date: /home/trickfire/gazebo-simulations/Robot-sim-template/install/ros_gz_example_gazebo/share/ros_gz_example_gazebo/worlds
[0.102s] -- Up-to-date: /home/trickfire/gazebo-simulations/Robot-sim-template/install/ros_gz_example_gazebo/share/ros_gz_example_gazebo/worlds/diff_drive.sdf
[0.102s] -- Up-to-date: /home/trickfire/gazebo-simulations/Robot-sim-template/install/ros_gz_example_gazebo/share/ros_gz_example_gazebo/environment/ros_gz_example_gazebo.dsv
[0.103s] -- Up-to-date: /home/trickfire/gazebo-simulations/Robot-sim-template/install/ros_gz_example_gazebo/share/ros_gz_example_gazebo/environment/ros_gz_example_gazebo.sh
[0.103s] -- Up-to-date: /home/trickfire/gazebo-simulations/Robot-sim-template/install/ros_gz_example_gazebo/share/ament_index/resource_index/package_run_dependencies/ros_gz_example_gazebo
[0.103s] -- Up-to-date: /home/trickfire/gazebo-simulations/Robot-sim-template/install/ros_gz_example_gazebo/share/ament_index/resource_index/parent_prefix_path/ros_gz_example_gazebo
[0.103s] -- Up-to-date: /home/trickfire/gazebo-simulations/Robot-sim-template/install/ros_gz_example_gazebo/share/ros_gz_example_gazebo/environment/ament_prefix_path.sh
[0.104s] -- Up-to-date: /home/trickfire/gazebo-simulations/Robot-sim-template/install/ros_gz_example_gazebo/share/ros_gz_example_gazebo/environment/ament_prefix_path.dsv
[0.104s] -- Up-to-date: /home/trickfire/gazebo-simulations/Robot-sim-template/install/ros_gz_example_gazebo/share/ros_gz_example_gazebo/environment/path.sh
[0.104s] -- Up-to-date: /home/trickfire/gazebo-simulations/Robot-sim-template/install/ros_gz_example_gazebo/share/ros_gz_example_gazebo/environment/path.dsv
[0.105s] -- Up-to-date: /home/trickfire/gazebo-simulations/Robot-sim-template/install/ros_gz_example_gazebo/share/ros_gz_example_gazebo/local_setup.bash
[0.105s] -- Up-to-date: /home/trickfire/gazebo-simulations/Robot-sim-template/install/ros_gz_example_gazebo/share/ros_gz_example_gazebo/local_setup.sh
[0.105s] -- Up-to-date: /home/trickfire/gazebo-simulations/Robot-sim-template/install/ros_gz_example_gazebo/share/ros_gz_example_gazebo/local_setup.zsh
[0.106s] -- Up-to-date: /home/trickfire/gazebo-simulations/Robot-sim-template/install/ros_gz_example_gazebo/share/ros_gz_example_gazebo/local_setup.dsv
[0.106s] -- Installing: /home/trickfire/gazebo-simulations/Robot-sim-template/install/ros_gz_example_gazebo/share/ros_gz_example_gazebo/package.dsv
[0.106s] -- Up-to-date: /home/trickfire/gazebo-simulations/Robot-sim-template/install/ros_gz_example_gazebo/share/ament_index/resource_index/packages/ros_gz_example_gazebo
[0.106s] -- Up-to-date: /home/trickfire/gazebo-simulations/Robot-sim-template/install/ros_gz_example_gazebo/share/ros_gz_example_gazebo/cmake/ros_gz_example_gazeboConfig.cmake
[0.107s] -- Up-to-date: /home/trickfire/gazebo-simulations/Robot-sim-template/install/ros_gz_example_gazebo/share/ros_gz_example_gazebo/cmake/ros_gz_example_gazeboConfig-version.cmake
[0.108s] -- Up-to-date: /home/trickfire/gazebo-simulations/Robot-sim-template/install/ros_gz_example_gazebo/share/ros_gz_example_gazebo/package.xml
[0.108s] Invoked command in '/home/trickfire/gazebo-simulations/Robot-sim-template/build/ros_gz_example_gazebo' returned '0': AMENT_PREFIX_PATH=/home/trickfire/gazebo-simulations/Robot-sim-template/install/ros_gz_example_description:${AMENT_PREFIX_PATH} CMAKE_PREFIX_PATH=/home/trickfire/gazebo-simulations/Robot-sim-template/install/ros_gz_example_description:/opt/ros/humble GZ_SIM_RESOURCE_PATH=/home/trickfire/gazebo-simulations/Robot-sim-template/install/ros_gz_example_description/share/ros_gz_example_description/models /usr/bin/cmake --install /home/trickfire/gazebo-simulations/Robot-sim-template/build/ros_gz_example_gazebo
