[0.005s] Invoking command in '/home/trickfire/gazebo-simulations/Robot-sim-template/build/ros_gz_example_gazebo': AMENT_PREFIX_PATH=/home/trickfire/gazebo-simulations/Robot-sim-template/install/ros_gz_example_description:${AMENT_PREFIX_PATH} CMAKE_PREFIX_PATH=/home/trickfire/gazebo-simulations/Robot-sim-template/install/ros_gz_example_description:/opt/ros/humble GZ_SIM_RESOURCE_PATH=/home/trickfire/gazebo-simulations/Robot-sim-template/install/ros_gz_example_description/share/ros_gz_example_description/models /usr/bin/cmake /home/trickfire/gazebo-simulations/Robot-sim-template/ros_gz_example_gazebo -DBUILD_TESTING=ON -DCMAKE_INSTALL_PREFIX=/home/trickfire/gazebo-simulations/Robot-sim-template/install/ros_gz_example_gazebo
[0.032s] -- The C compiler identification is GNU 11.4.0
[0.058s] -- The CXX compiler identification is GNU 11.4.0
[0.062s] -- Detecting C compiler ABI info
[0.107s] -- Detecting C compiler ABI info - done
[0.112s] -- Check for working C compiler: /usr/bin/cc - skipped
[0.112s] -- Detecting C compile features
[0.113s] -- Detecting C compile features - done
[0.116s] -- Detecting CXX compiler ABI info
[0.166s] -- Detecting CXX compiler ABI info - done
[0.171s] -- Check for working CXX compiler: /usr/bin/c++ - skipped
[0.171s] -- Detecting CXX compile features
[0.172s] -- Detecting CXX compile features - done
[0.174s] -- Found ament_cmake: 1.3.12 (/opt/ros/humble/share/ament_cmake/cmake)
[0.226s] -- Found Python3: /usr/bin/python3 (found version "3.10.12") found components: Interpreter 
[0.272s] -- Found ros_gz_example_description: 0.0.0 (/home/trickfire/gazebo-simulations/Robot-sim-template/install/ros_gz_example_description/share/ros_gz_example_description/cmake)
[0.281s] [31mCMake Error at CMakeLists.txt:13 (find_package):
[0.281s]   By not providing "Findgz-cmake3.cmake" in CMAKE_MODULE_PATH this project
[0.281s]   has asked CMake to find a package configuration file provided by
[0.282s]   "gz-cmake3", but CMake did not find one.
[0.283s] 
[0.284s]   Could not find a package configuration file provided by "gz-cmake3" with
[0.284s]   any of the following names:
[0.284s] 
[0.285s]     gz-cmake3Config.cmake
[0.285s]     gz-cmake3-config.cmake
[0.285s] 
[0.285s]   Add the installation prefix of "gz-cmake3" to CMAKE_PREFIX_PATH or set
[0.285s]   "gz-cmake3_DIR" to a directory containing one of the above files.  If
[0.285s]   "gz-cmake3" provides a separate development package or SDK, be sure it has
[0.285s]   been installed.
[0.285s] 
[0.285s] [0m
[0.286s] -- Configuring incomplete, errors occurred!
[0.286s] See also "/home/trickfire/gazebo-simulations/Robot-sim-template/build/ros_gz_example_gazebo/CMakeFiles/CMakeOutput.log".
[0.286s] Invoked command in '/home/trickfire/gazebo-simulations/Robot-sim-template/build/ros_gz_example_gazebo' returned '1': AMENT_PREFIX_PATH=/home/trickfire/gazebo-simulations/Robot-sim-template/install/ros_gz_example_description:${AMENT_PREFIX_PATH} CMAKE_PREFIX_PATH=/home/trickfire/gazebo-simulations/Robot-sim-template/install/ros_gz_example_description:/opt/ros/humble GZ_SIM_RESOURCE_PATH=/home/trickfire/gazebo-simulations/Robot-sim-template/install/ros_gz_example_description/share/ros_gz_example_description/models /usr/bin/cmake /home/trickfire/gazebo-simulations/Robot-sim-template/ros_gz_example_gazebo -DBUILD_TESTING=ON -DCMAKE_INSTALL_PREFIX=/home/trickfire/gazebo-simulations/Robot-sim-template/install/ros_gz_example_gazebo
